###############################################################################
#
# IAR ELF Linker V8.32.2.178/W32 for ARM                  19/Nov/2019  16:50:19
# Copyright 2007-2018 IAR Systems AB.
#
#    Output file  =  cca_mg21_v664.out
#    Map file     =  
#        C:/Users/alji/SimplicityStudio/v4_workspace/cca_mg21_v664/IAR ARM -
#        Default/cca_mg21_v664.map
#    Command line =  
#        ./zll-utility-server/zll-utility-server.o
#        ./zll-scenes-server/zll-scenes-server.o
#        ./zll-on-off-server/zll-on-off-server.o
#        ./zll-level-control-server/zll-level-control-server.o
#        ./zll-identify-server/zll-identify-server.o
#        ./zll-commissioning-server/zll-commissioning-server.o
#        ./zll-commissioning-common/zll-commissioning-cli.o
#        ./zll-commissioning-common/zll-commissioning-common.o
#        ./zcl-framework-core/af-event.o ./zcl-framework-core/af-main-common.o
#        ./zcl-framework-core/af-main-soc.o ./zcl-framework-core/af-node.o
#        ./zcl-framework-core/af-security-common.o
#        ./zcl-framework-core/af-trust-center.o
#        ./zcl-framework-core/attribute-size.o
#        ./zcl-framework-core/attribute-storage.o
#        ./zcl-framework-core/attribute-table.o
#        ./zcl-framework-core/client-api.o ./zcl-framework-core/core-cli.o
#        ./zcl-framework-core/crypto-state.o ./zcl-framework-core/message.o
#        ./zcl-framework-core/multi-network.o
#        ./zcl-framework-core/network-cli.o ./zcl-framework-core/option-cli.o
#        ./zcl-framework-core/plugin-cli.o
#        ./zcl-framework-core/print-formatter.o ./zcl-framework-core/print.o
#        ./zcl-framework-core/process-cluster-message.o
#        ./zcl-framework-core/process-global-message.o
#        ./zcl-framework-core/security-cli.o
#        ./zcl-framework-core/service-discovery-common.o
#        ./zcl-framework-core/service-discovery-soc.o
#        ./zcl-framework-core/time-util.o ./zcl-framework-core/util.o
#        ./zcl-framework-core/zcl-cli.o ./zcl-framework-core/zdo-cli.o
#        ./update-tc-link-key/update-tc-link-key-cli.o
#        ./update-tc-link-key/update-tc-link-key.o
#        ./strong-random/strong-random-api.o ./simple-main/simple-main.o
#        ./serial/EFR32/serial.o ./serial/com.o ./scenes/scenes-cli.o
#        ./scenes/scenes.o ./scan-dispatch/scan-dispatch.o
#        ./reporting/reporting-cli.o
#        ./reporting/reporting-default-configuration.o ./reporting/reporting.o
#        ./on-off/on-off.o ./nvm3/EFR32/nvm3_default.o
#        ./nvm3/EFR32/nvm3_hal_flash.o ./nvm3/nvm3_lock.o
#        ./network-steering/network-steering-cli.o
#        ./network-steering/network-steering-soc.o
#        ./network-steering/network-steering-v2.o
#        ./network-steering/network-steering.o
#        ./network-creator-security/network-creator-security-cli.o
#        ./network-creator-security/network-creator-security.o
#        ./network-creator/network-creator-cli.o
#        ./network-creator/network-creator.o ./mbedtls/EFR32/aes.o
#        ./mbedtls/EFR32/aes_aes.o ./mbedtls/EFR32/aesni.o
#        ./mbedtls/EFR32/arc4.o ./mbedtls/EFR32/asn1parse.o
#        ./mbedtls/EFR32/asn1write.o ./mbedtls/EFR32/base64.o
#        ./mbedtls/EFR32/bignum.o ./mbedtls/EFR32/blowfish.o
#        ./mbedtls/EFR32/camellia.o ./mbedtls/EFR32/ccm.o
#        ./mbedtls/EFR32/certs.o ./mbedtls/EFR32/cipher.o
#        ./mbedtls/EFR32/cipher_wrap.o ./mbedtls/EFR32/cmac.o
#        ./mbedtls/EFR32/crypto_aes.o ./mbedtls/EFR32/crypto_ble.o
#        ./mbedtls/EFR32/crypto_ecp.o ./mbedtls/EFR32/crypto_management.o
#        ./mbedtls/EFR32/crypto_sha.o ./mbedtls/EFR32/cryptoacc_aes.o
#        ./mbedtls/EFR32/cryptoacc_ccm.o ./mbedtls/EFR32/cryptoacc_cmac.o
#        ./mbedtls/EFR32/cryptoacc_ecp.o ./mbedtls/EFR32/cryptoacc_gcm.o
#        ./mbedtls/EFR32/cryptoacc_management.o ./mbedtls/EFR32/cryptoacc_sha.o
#        ./mbedtls/EFR32/cryptoacc_trng.o ./mbedtls/EFR32/ctr_drbg.o
#        ./mbedtls/EFR32/debug.o ./mbedtls/EFR32/des.o ./mbedtls/EFR32/dhm.o
#        ./mbedtls/EFR32/ecdh.o ./mbedtls/EFR32/ecdsa.o
#        ./mbedtls/EFR32/ecjpake.o ./mbedtls/EFR32/ecp.o
#        ./mbedtls/EFR32/ecp_curves.o ./mbedtls/EFR32/entropy.o
#        ./mbedtls/EFR32/entropy_adc.o ./mbedtls/EFR32/entropy_poll.o
#        ./mbedtls/EFR32/entropy_rail.o ./mbedtls/EFR32/error.o
#        ./mbedtls/EFR32/gcm.o ./mbedtls/EFR32/havege.o
#        ./mbedtls/EFR32/hmac_drbg.o ./mbedtls/EFR32/md.o ./mbedtls/EFR32/md2.o
#        ./mbedtls/EFR32/md4.o ./mbedtls/EFR32/md5.o ./mbedtls/EFR32/md_wrap.o
#        ./mbedtls/EFR32/memory_buffer_alloc.o ./mbedtls/EFR32/net_sockets.o
#        ./mbedtls/EFR32/oid.o ./mbedtls/EFR32/padlock.o ./mbedtls/EFR32/pem.o
#        ./mbedtls/EFR32/pk.o ./mbedtls/EFR32/pk_wrap.o
#        ./mbedtls/EFR32/pkcs11.o ./mbedtls/EFR32/pkcs12.o
#        ./mbedtls/EFR32/pkcs5.o ./mbedtls/EFR32/pkparse.o
#        ./mbedtls/EFR32/pkwrite.o ./mbedtls/EFR32/radioaes.o
#        ./mbedtls/EFR32/radioaes_aes.o ./mbedtls/EFR32/radioaes_ble.o
#        ./mbedtls/EFR32/ripemd160.o ./mbedtls/EFR32/rsa.o
#        ./mbedtls/EFR32/rsa_internal.o ./mbedtls/EFR32/se_aes.o
#        ./mbedtls/EFR32/se_ccm.o ./mbedtls/EFR32/se_cmac.o
#        ./mbedtls/EFR32/se_ecp.o ./mbedtls/EFR32/se_jpake.o
#        ./mbedtls/EFR32/se_management.o ./mbedtls/EFR32/se_sha.o
#        ./mbedtls/EFR32/se_trng.o ./mbedtls/EFR32/sha1.o
#        ./mbedtls/EFR32/sha256.o ./mbedtls/EFR32/sha512.o
#        ./mbedtls/EFR32/shax.o ./mbedtls/EFR32/ssl_cache.o
#        ./mbedtls/EFR32/ssl_ciphersuites.o ./mbedtls/EFR32/ssl_cli.o
#        ./mbedtls/EFR32/ssl_cookie.o ./mbedtls/EFR32/ssl_srv.o
#        ./mbedtls/EFR32/ssl_ticket.o ./mbedtls/EFR32/ssl_tls.o
#        ./mbedtls/EFR32/threading.o ./mbedtls/EFR32/timing.o
#        ./mbedtls/EFR32/trng.o ./mbedtls/EFR32/version.o
#        ./mbedtls/EFR32/version_features.o ./mbedtls/EFR32/x509.o
#        ./mbedtls/EFR32/x509_create.o ./mbedtls/EFR32/x509_crl.o
#        ./mbedtls/EFR32/x509_crt.o ./mbedtls/EFR32/x509_csr.o
#        ./mbedtls/EFR32/x509write_crt.o ./mbedtls/EFR32/x509write_csr.o
#        ./mbedtls/EFR32/xtea.o ./level-control/level-control.o
#        ./interpan/interpan-cli.o ./interpan/interpan-soc.o
#        ./interpan/interpan.o ./identify/identify-cli.o ./identify/identify.o
#        ./heartbeat/heartbeat.o ./hal-library/EFR32/hal-config-gpio.o
#        ./hal-library/EFR32/hal-config.o ./groups-server/groups-server-cli.o
#        ./groups-server/groups-server.o
#        ./green-power-common/green-power-common.o
#        ./green-power-client/green-power-client-cli.o
#        ./green-power-client/green-power-client.o
#        ./find-and-bind-target/find-and-bind-target-cli.o
#        ./find-and-bind-target/find-and-bind-target.o
#        ./external-generated-files/bootloader-interface-app.o
#        ./external-generated-files/bootloader-interface.o
#        ./external-generated-files/btl_interface.o
#        ./external-generated-files/btl_interface_storage.o ./emlib/em_adc.o
#        ./emlib/em_cmu.o ./emlib/em_core.o ./emlib/em_cryotimer.o
#        ./emlib/em_emu.o ./emlib/em_gpio.o ./emlib/em_i2c.o ./emlib/em_ldma.o
#        ./emlib/em_leuart.o ./emlib/em_msc.o ./emlib/em_prs.o ./emlib/em_rmu.o
#        ./emlib/em_rtcc.o ./emlib/em_se.o ./emlib/em_system.o
#        ./emlib/em_timer.o ./emlib/em_usart.o ./emlib/em_wdog.o
#        ./emlib/system_efr32mg21.o ./emdrv/dmadrv.o ./emdrv/gpiointerrupt.o
#        ./emdrv/rtcdriver.o ./emdrv/sleep.o ./emdrv/tempdrv.o
#        ./emdrv/uartdrv.o ./emdrv/ustimer.o
#        ./ember-minimal-printf/ember-printf.o ./efr32/assert-crash-handlers.o
#        ./efr32/button.o ./efr32/buzzer-efr32.o ./efr32/cstartup-common.o
#        ./efr32/diagnostic.o ./efr32/ext-device.o ./efr32/faults-v7m.o
#        ./efr32/isr-stubs.o ./efr32/led.o ./efr32/mfg-token.o
#        ./efr32/micro-common.o ./efr32/micro.o ./efr32/mpu.o
#        ./efr32/sleep-efm32.o ./efr32/token.o
#        ./debug-jtag/EFR32/debug-jtag-efr32.o
#        ./debug-basic-library/EFR32/SEGGER_RTT.o ./counters/counters-cli.o
#        ./counters/counters-ota.o ./counters/counters-soc.o
#        ./color-control-server/color-control-server.o
#        ./coexistence-stub/EFR32/coexistence-802154.o
#        ./coexistence-stub/EFR32/coulomb-counter-802154.o
#        ./ccm-encryption/ccm-star.o ./basic/basic.o
#        ./antenna-stub/antenna-stub.o ./aes-cmac/aes-cmac.o
#        ./adc/EFR32/adc-efr32.o ./call-command-handler.o ./callback-stub.o
#        ./cca_mg21_v664_callbacks.o ./command-interpreter2.o ./crc.o
#        ./ember-base-configuration.o ./ember-configuration.o ./endian.o
#        ./library.o ./mem-util.o ./random.o ./security-address-cache.o
#        ./stack-handler-stub.o ./token-def.o ./zigbee-device-common.o
#        ./zigbee-device-library.o ./znet-bookkeeping.o ./znet-cli.o -o
#        cca_mg21_v664.out --config
#        C:/SiliconLabs/SimplicityStudio/v4_2/developer/sdks/gecko_sdk_suite/v2.6//platform/base/hal/micro/cortexm3/efm32/iar-cfg.icf
#        --config_def APP_BTL=1 --config_def FLASH_SIZE=1048576 --config_def
#        RAM_SIZE=98304 --config_def SIMEEPROM_SIZE=32768 --config_def
#        LOCKBITS_IN_MAINFLASH_SIZE=8192 --config_def EMBER_MALLOC_HEAP_SIZE=0
#        --config_def HEADER_SIZE=512 --config_def PSSTORE_SIZE=0 --config_def
#        LONGTOKEN_SIZE=0 --no_wrap_diagnostics
#        C:/SiliconLabs/SimplicityStudio/v4_2/developer/sdks/gecko_sdk_suite/v2.6//protocol/zigbee/build/zigbee-r22-support-stub-library-cortexm3-iar-efr32mg21-rail/zigbee-r22-support-stub-library.a
#        C:/SiliconLabs/SimplicityStudio/v4_2/developer/sdks/gecko_sdk_suite/v2.6//protocol/zigbee/build/install-code-library-cortexm3-iar-efr32mg21-rail/install-code-library.a
#        C:/SiliconLabs/SimplicityStudio/v4_2/developer/sdks/gecko_sdk_suite/v2.6//protocol/zigbee/build/cbke-stub-library-cortexm3-iar-efr32mg21-rail/cbke-stub-library.a
#        C:/SiliconLabs/SimplicityStudio/v4_2/developer/sdks/gecko_sdk_suite/v2.6//protocol/zigbee/build/cbke-library-dsa-verify-stub-cortexm3-iar-efr32mg21-rail/cbke-library-dsa-verify-stub.a
#        C:/SiliconLabs/SimplicityStudio/v4_2/developer/sdks/gecko_sdk_suite/v2.6//protocol/zigbee/build/gp-library-cortexm3-iar-efr32mg21-rail/gp-library.a
#        C:/SiliconLabs/SimplicityStudio/v4_2/developer/sdks/gecko_sdk_suite/v2.6//platform/radio/rail_lib/autogen/librail_release/librail_efr32xg21_iar_release.a
#        C:/SiliconLabs/SimplicityStudio/v4_2/developer/sdks/gecko_sdk_suite/v2.6//protocol/zigbee/build/debug-extended-stub-library-cortexm3-iar-efr32mg21-rail/debug-extended-stub-library.a
#        C:/SiliconLabs/SimplicityStudio/v4_2/developer/sdks/gecko_sdk_suite/v2.6//protocol/zigbee/build/debug-basic-library-cortexm3-iar-efr32mg21-rail/debug-basic-library.a
#        C:/SiliconLabs/SimplicityStudio/v4_2/developer/sdks/gecko_sdk_suite/v2.6//protocol/zigbee/build/cbke-283k1-stub-library-cortexm3-iar-efr32mg21-rail/cbke-283k1-stub-library.a
#        C:/SiliconLabs/SimplicityStudio/v4_2/developer/sdks/gecko_sdk_suite/v2.6//protocol/zigbee/build/end-device-bind-stub-library-cortexm3-iar-efr32mg21-rail/end-device-bind-stub-library.a
#        C:/SiliconLabs/SimplicityStudio/v4_2/developer/sdks/gecko_sdk_suite/v2.6//protocol/zigbee/build/security-library-core-cortexm3-iar-efr32mg21-rail/security-library-core.a
#        C:/SiliconLabs/SimplicityStudio/v4_2/developer/sdks/gecko_sdk_suite/v2.6//protocol/zigbee/build/cbke-library-dsa-verify-283k1-stub-cortexm3-iar-efr32mg21-rail/cbke-library-dsa-verify-283k1-stub.a
#        C:/SiliconLabs/SimplicityStudio/v4_2/developer/sdks/gecko_sdk_suite/v2.6//protocol/zigbee/build/hal-library-cortexm3-iar-efr32mg21-rail/hal-library.a
#        C:/SiliconLabs/SimplicityStudio/v4_2/developer/sdks/gecko_sdk_suite/v2.6//protocol/zigbee/build/packet-validate-stub-library-cortexm3-iar-efr32mg21-rail/packet-validate-stub-library.a
#        C:/SiliconLabs/SimplicityStudio/v4_2/developer/sdks/gecko_sdk_suite/v2.6//protocol/zigbee/build/multi-network-stub-library-cortexm3-iar-efr32mg21-rail/multi-network-stub-library.a
#        C:/SiliconLabs/SimplicityStudio/v4_2/developer/sdks/gecko_sdk_suite/v2.6//platform/emdrv/nvm3/lib/libnvm3_CM33_iar.a
#        C:/SiliconLabs/SimplicityStudio/v4_2/developer/sdks/gecko_sdk_suite/v2.6//protocol/zigbee/build/sim-eeprom2-to-nvm3-upgrade-stub-library-cortexm3-iar-efr32mg21-rail/sim-eeprom2-to-nvm3-upgrade-stub-library.a
#        C:/SiliconLabs/SimplicityStudio/v4_2/developer/sdks/gecko_sdk_suite/v2.6//protocol/zigbee/build/zigbee-pro-stack-cortexm3-iar-efr32mg21-rail/zigbee-pro-stack.a
#        C:/SiliconLabs/SimplicityStudio/v4_2/developer/sdks/gecko_sdk_suite/v2.6//protocol/zigbee/build/zll-library-cortexm3-iar-efr32mg21-rail/zll-library.a
#        C:/SiliconLabs/SimplicityStudio/v4_2/developer/sdks/gecko_sdk_suite/v2.6//protocol/zigbee/build/security-library-link-keys-stub-cortexm3-iar-efr32mg21-rail/security-library-link-keys-stub.a
#        C:/SiliconLabs/SimplicityStudio/v4_2/developer/sdks/gecko_sdk_suite/v2.6//protocol/zigbee/build/binding-table-library-cortexm3-iar-efr32mg21-rail/binding-table-library.a
#        C:/SiliconLabs/SimplicityStudio/v4_2/developer/sdks/gecko_sdk_suite/v2.6//protocol/zigbee/build/cbke-library-dsa-sign-stub-cortexm3-iar-efr32mg21-rail/cbke-library-dsa-sign-stub.a
#        C:/SiliconLabs/SimplicityStudio/v4_2/developer/sdks/gecko_sdk_suite/v2.6//protocol/zigbee/build/cbke-163k1-stub-library-cortexm3-iar-efr32mg21-rail/cbke-163k1-stub-library.a
#        --entry __iar_program_start --map
#        "C:/Users/alji/SimplicityStudio/v4_workspace/cca_mg21_v664/IAR ARM -
#        Default/cca_mg21_v664.map" --log_file
#        "C:/Users/alji/SimplicityStudio/v4_workspace/cca_mg21_v664/IAR ARM -
#        Default/cca_mg21_v664.log" --log
#        initialization,modules,sections,veneers --diag_suppress=Lp012
#        --redirect _Printf=_PrintfSmallNoMb --redirect _Scanf=_ScanfFullNoMb
#
###############################################################################

*******************************************************************************
*** RUNTIME MODEL ATTRIBUTES
***

CppFlavor       = *
__Heap_Handler  = DLMalloc
__SystemLibrary = DLib
__dlib_version  = 6


*******************************************************************************
*** HEAP SELECTION
***

The advanced heap was selected because the application calls memory
allocation functions outside of system library functions, and there
are calls to deallocation functions in the application.


*******************************************************************************
*** PLACEMENT SUMMARY
***

"BAT": place at 0x0 { section BAT };
define block HEADER_block with fixed order { ro section AAT };
"HEADERS":
       place at start of [from 0x4000 to 0x41ff] { block HEADER_block };
define block APPRO_block
   with fixed order {
      ro section .intvec, ro section .textrw_init, ro section .gatt_header,
      ro section .gatt_data, ro section .text, ro section CODE,
      ro section .rodata, ro section .data_init, ro section .iar.init_table,
      ro section __DLIB_PERTHREAD_init };
"APP ro":
       place at start of [from 0x4200 to 0xf'ffff] { block APPRO_block };
"SIMEE&LOCKBITS":
       place at end of [from 0x4200 to 0xf'ffff] {
          zi section SIMEE, zi section INTERNAL_STORAGE, zi section LONGTOKEN,
          zi section PSSTORE, zi section LOCKBITS_IN_MAINFLASH };
define block ALIGN_EMHEAP with alignment = 8 { rw section EMHEAP };
define block RESETHEAP
   with fixed order { rw section RESETINFO, block ALIGN_EMHEAP };
"ResetHeap":
       place at start of [from 0x2000'0000 to 0x2001'7fef] { block RESETHEAP };
"Guard":
       place in [from 0x2000'0000 to 0x2001'7fef] { rw section GUARD_REGION };
define block ALIGN_CSTACK with alignment = 8 { rw section CSTACK };
define block DLIB_PERTHREAD_INITIALIZED_DATA { rw section __DLIB_PERTHREAD };
define block DLIB_PERTHREAD_ZERO_DATA { zi section __DLIB_PERTHREAD };
define block HEAP with size = 0M, alignment = 8 { };
define block APPRW_block
   with fixed order {
      block ALIGN_CSTACK, rw section .textrw, rw section .data,
      block DLIB_PERTHREAD_INITIALIZED_DATA, block DLIB_PERTHREAD_ZERO_DATA,
      rw section .bss, rw section .noinit, block HEAP };
"APP rw":
       place at end of [from 0x2000'0000 to 0x2001'7fef] { block APPRW_block };
do not initialize {
   rw section .noinit, rw section CSTACK, rw section RESETINFO,
   rw section EMHEAP, zi section SIMEE, zi section INTERNAL_STORAGE,
   zi section LONGTOKEN, zi section PSSTORE, zi section LOCKBITS_IN_MAINFLASH };
initialize by copy { rw };

No sections matched the following patterns:

  ro section .gatt_data             in block APPRO_block
  ro section .gatt_header           in block APPRO_block
  ro section .iar.init_table        in block APPRO_block
  ro section CODE                   in block APPRO_block
  ro section __DLIB_PERTHREAD_init  in block APPRO_block
  rw section .noinit                in block APPRW_block
  rw section DEBUG_CHANNEL          in "DEBUGCHAN"
  rw section __DLIB_PERTHREAD       in block DLIB_PERTHREAD_INITIALIZED_DATA
  zi section INTERNAL_STORAGE       in "SIMEE&LOCKBITS"
  zi section LONGTOKEN              in "SIMEE&LOCKBITS"
  zi section PSSTORE                in "SIMEE&LOCKBITS"
  zi section __DLIB_PERTHREAD       in block DLIB_PERTHREAD_ZERO_DATA


  Section                 Kind         Address     Size  Object
  -------                 ----         -------     ----  ------
"BAT":                                             0x54
  BAT                     uninit           0x0     0x54  cstartup-common.o [12]
                                        - 0x54     0x54

"HEADERS":                                         0xac
  HEADER_block                          0x4000     0xac  <Block>
    AAT                   const         0x4000     0xac  cstartup-common.o [12]
                                      - 0x40ac     0xac

"APP ro":                                       0x3a77c
  APPRO_block                           0x4200  0x3a77c  <Block>
    .intvec               const         0x4200    0x134  startup_efr32mg21.o [61]
    Initializer bytes     const         0x4334    0x135  <for rw section .textrw-1>
    .text                               0x446c  0x31f46  <Block>
      .text               ro code       0x446c    0x12c  zll-utility-server.o [48]
      .text               ro code       0x4598    0x8dc  util.o [41]
      .text               ro code       0x4e74    0x110  callback-stub.o [1]
      .text               ro code       0x4f84    0x16c  message.o [41]
      .text               ro code       0x50f0    0x27c  client-api.o [41]
      .text               ro code       0x536c    0xcc0  attribute-storage.o [41]
      .text               ro code       0x602c    0x4e6  attribute-table.o [41]
      .text               ro code       0x6512     0xbe  mem-util.o [1]
      .text               ro code       0x65d0     0x58  multi-network.o [41]
      .text               ro code       0x6628    0x19e  af-event.o [41]
      .text               ro code       0x67c6      0x2  identify-cli.o [23]
      .text               ro code       0x67c8    0x230  zll-commissioning-common.o [42]
      .text               ro code       0x69f8    0xf24  green-power-client.o [18]
      .text               ro code       0x791c    0xa00  reporting.o [33]
      .text               ro code       0x831c     0x88  interpan-soc.o [24]
      .text               ro code       0x83a4    0x16c  counters-soc.o [9]
      .text               ro code       0x8510   0x1498  association.o [72]
      .text               ro code       0x99a8    0x204  ember-stack-common.o [72]
      .text               ro code       0x9bac    0x124  print.o [41]
      .text               ro code       0x9cd0    0x118  time-util.o [41]
      .text               ro code       0x9de8    0x14c  print-formatter.o [41]
      .text               ro code       0x9f34    0x42c  groups-server.o [20]
      .text               ro code       0xa360     0x50  process-cluster-message.o [41]
      .text               ro code       0xa3b0    0x4ea  process-global-message.o [41]
      .text               ro code       0xa89a      0x2  startup_efr32mg21.o [61]
      .text               ro code       0xa89c    0x2c4  ember-multi-network-stub.o [66]
      .text               ro code       0xab60     0x18  ABImemcpy_small.o [68]
      .text               ro code       0xab78     0x64  znet-bookkeeping.o [1]
      .text               ro code       0xabdc    0x55c  interpan.o [24]
      .text               ro code       0xb138    0x988  af-main-common.o [41]
      .text               ro code       0xbac0    0x340  address-table.o [72]
      .text               ro code       0xbe00    0x4d0  binding-table.o [49]
      .text               ro code       0xc2d0     0x50  random.o [1]
      .text               ro code       0xc320    0x5ba  af-main-soc.o [41]
      .text               ro code       0xc8da      0x2  startup_efr32mg21.o [61]
      .text               ro code       0xc8dc     0x98  micro-common.o [12]
      .text               ro code       0xc974    0x2cc  token.o [12]
      .text               ro code       0xcc40     0x24  attribute-size.o [41]
      .text               ro code       0xcc64     0x12  ABImemset_small.o [68]
      .text               ro code       0xcc76      0x2  startup_efr32mg21.o [61]
      .text               ro code       0xcc78    0x24c  event-control.o [72]
      .text               ro code       0xcec4     0x10  crypto-state.o [41]
      .text               ro code       0xced4    0xdcc  scenes.o [35]
      .text               ro code       0xdca0    0x1d4  zll-commissioning-server.o [43]
      .text               ro code       0xde74    0x810  zll-api.o [74]
      .text               ro code       0xe684    0x406  leave.o [72]
      .text               ro code       0xea8a    0x128  zll-tokens.o [74]
      .text               ro code       0xebb2      0x2  startup_efr32mg21.o [61]
      .text               ro code       0xebb4    0xc54  gp-data.o [60]
      .text               ro code       0xf808    0x74c  scan.o [72]
      .text               ro code       0xff54    0x100  zigbee-dispatch.o [72]
      .text               ro code     0x1'0054      0x6  ABImemclr4.o [68]
      .text               ro code     0x1'005a      0x2  startup_efr32mg21.o [61]
      .text               ro code     0x1'005c    0x15a  green-power-common.o [19]
      .text               ro code     0x1'01b6      0x2  startup_efr32mg21.o [61]
      .text               ro code     0x1'01b8    0x824  gp-proxy-table.o [60]
      .text               ro code     0x1'09dc    0x42c  zigbee-stack.o [72]
      .text               ro code     0x1'0e08   0x18f8  network.o [72]
      .text               ro code     0x1'2700     0x7a  gp-util.o [60]
      .text               ro code     0x1'277a     0x3a  zero_init3.o [68]
      .text               ro code     0x1'27b4    0x268  green-power-client-cli.o [18]
      .text               ro code     0x1'2a1c     0x78  reporting-default-configuration.o [33]
      .text               ro code     0x1'2a94     0xb4  system-timer.o [61]
      .text               ro code     0x1'2b48    0x76c  packet-buffer.o [72]
      .text               ro code     0x1'32b4    0x9d0  upper-mac.o [72]
      .text               ro code     0x1'3c84    0x380  mac-header.o [72]
      .text               ro code     0x1'4004    0x1fc  assert-crash-handlers.o [12]
      .text               ro code     0x1'4200    0x344  child-handling.o [72]
      .text               ro code     0x1'4544    0x8e8  beacon-handling.o [72]
      .text               ro code     0x1'4e2c    0x9b0  zigbee-device-util.o [72]
      .text               ro code     0x1'57dc    0x184  token-cache.o [72]
      .text               ro code     0x1'5960    0x2f8  management.o [72]
      .text               ro code     0x1'5c58     0x14  debug-extended-stub.o [57]
      .text               ro code     0x1'5c6c    0x36c  random-id.o [72]
      .text               ro code     0x1'5fd8    0xdb8  aps-security.o [69]
      .text               ro code     0x1'6d90    0x750  child.o [72]
      .text               ro code     0x1'74e0     0x14  strong-random-api.o [39]
      .text               ro code     0x1'74f4    0x628  command.o [72]
      .text               ro code     0x1'7b1c    0x168  child-aging.o [72]
      .text               ro code     0x1'7c84      0xc  ember-multi-phy-stub.o [72]
      .text               ro code     0x1'7c90     0x4c  ember-configuration.o [1]
      .text               ro code     0x1'7cdc    0x258  packet-header.o [72]
      .text               ro code     0x1'7f34     0x5e  byte-utilities.o [72]
      .text               ro code     0x1'7f92     0x7a  lz77_init_single.o [68]
      .text               ro code     0x1'800c    0x5dc  zigbee-packet-header.o [72]
      .text               ro code     0x1'85e8     0x48  child-table.o [72]
      .text               ro code     0x1'8630    0x5b5  mac-indirect.o [72]
      .text               ro code     0x1'8be8    0x2f6  retry.o [72]
      .text               ro code     0x1'8ee0    0x7d4  neighbor.o [72]
      .text               ro code     0x1'96b4    0x664  trust-center-util.o [69]
      .text               ro code     0x1'9d18     0x34  mac-info-element-parsing-stub.o [73]
      .text               ro code     0x1'9d4c   0x1380  phy.o [72]
      .text               ro code     0x1'b0cc    0x45c  zdo-channel.o [72]
      .text               ro code     0x1'b528    0x6b0  aps-keys.o [69]
      .text               ro code     0x1'bbd8     0x1c  zdo-r22-stub.o [73]
      .text               ro code     0x1'bbf4     0x2c  mac-dispatch.o [72]
      .text               ro code     0x1'bc20    0x2ae  ember-printf.o [13]
      .text               ro code     0x1'bed0     0xae  serial.o [37]
      .text               ro code     0x1'bf80   0x1010  call-command-handler.o [1]
      .text               ro code     0x1'cf90    0x1f8  zigbee-neighbor.o [72]
      .text               ro code     0x1'd188    0x2c8  cca_mg21_v664_callbacks.o [1]
      .text               ro code     0x1'd450    0x238  network-creator-security.o [28]
      .text               ro code     0x1'd688     0x20  heartbeat.o [22]
      .text               ro code     0x1'd6a8    0x108  update-tc-link-key.o [40]
      .text               ro code     0x1'd7b0    0x294  zigbee-device-library.o [1]
      .text               ro code     0x1'da44    0x46c  service-discovery-common.o [41]
      .text               ro code     0x1'deb0    0x604  network-steering.o [29]
      .text               ro code     0x1'e4b4    0x954  aps-retry.o [72]
      .text               ro code     0x1'ee08      0x8  em_core.o [15]
      .text               ro code     0x1'ee10    0x5ba  micro.o [12]
      .text               ro code     0x1'f3cc     0xa4  cstartup-common.o [12]
      .text               ro code     0x1'f470    0x3b0  diagnostic.o [12]
      .text               ro code     0x1'f820     0x1c  security-address-cache.o [1]
      .text               ro code     0x1'f83c    0x748  command-interpreter2.o [1]
      .text               ro code     0x1'ff84    0x272  mfg-token.o [12]
      .text               ro code     0x2'01f8    0xa58  application-support.o [72]
      .text               ro code     0x2'0c50    0x168  scan-dispatch.o [34]
      .text               ro code     0x2'0db8      0x4  faults-v7m.o [12]
      .text               ro code     0x2'0dbc    0x79c  em_cmu.o [15]
      .text               ro code     0x2'1558     0xba  em_wdog.o [15]
      .text               ro code     0x2'1612      0x4  sim-eeprom2-to-nvm3-upgrade-stub.o [71]
      .text               ro code     0x2'1618   0x1b0a  nvm3.o [63]
      .text               ro code     0x2'3122      0x6  ember-base-configuration.o [1]
      .text               ro code     0x2'3128      0xc  em_core.o [15]
      .text               ro code     0x2'3134      0x6  em_core.o [15]
      .text               ro code     0x2'313a     0x1a  em_core.o [15]
      .text               ro code     0x2'3154    0x1ba  zll-scenes-server.o [47]
      .text               ro code     0x2'3310    0x984  zll-interpan.o [74]
      .text               ro code     0x2'3c94    0x184  zll-security.o [74]
      .text               ro code     0x2'3e18     0xe4  af-trust-center.o [41]
      .text               ro code     0x2'3efc     0xb4  aes-efm32.o [72]
      .text               ro code     0x2'3fb0    0x428  crypto.o [72]
      .text               ro code     0x2'43d8    0x46c  lower-mac-efr32.o [72]
      .text               ro code     0x2'4844     0x28  enhanced-beacon-request-stub.o [73]
      .text               ro code     0x2'486c     0x32  ABImemset48.o [68]
      .text               ro code     0x2'48a0    0x224  debug-jtag-efr32.o [11]
      .text               ro code     0x2'4ac4     0x90  ember-library.o [72]
      .text               ro code     0x2'4b54    0x3a6  rail_rf.o [64]
      .text               ro code     0x2'4efa     0x12  phy-util.o [72]
      .text               ro code     0x2'4f0c    0x2ec  debug.o [56]
      .text               ro code     0x2'51f8      0x6  cbke-crypto-engine-163k1-stub.o [50]
      .text               ro code     0x2'51fe      0x6  cbke-crypto-engine-283k1-stub.o [51]
      .text               ro code     0x2'5204    0x1c4  broadcast.o [72]
      .text               ro code     0x2'53c8    0x538  route-table.o [72]
      .text               ro code     0x2'5900      0xe  cbke-crypto-engine-stub.o [55]
      .text               ro code     0x2'5910     0x58  micro-common-internal.o [61]
      .text               ro code     0x2'5968    0x22c  store-forward.o [72]
      .text               ro code     0x2'5b94     0x64  unicast-table.o [72]
      .text               ro code     0x2'5bf8    0x4fc  aps-encryption.o [69]
      .text               ro code     0x2'60f4    0x2a8  jit.o [72]
      .text               ro code     0x2'639c    0x7c6  route-discovery.o [72]
      .text               ro code     0x2'6b64     0x7a  led.o [12]
      .text               ro code     0x2'6bde      0x8  packet-validate-stub.o [67]
      .text               ro code     0x2'6be6    0x154  route-error.o [72]
      .text               ro code     0x2'6d3c    0x39c  neighbor-exchange.o [72]
      .text               ro code     0x2'70d8    0x5f8  rtcdriver.o [14]
      .text               ro code     0x2'76d0    0x184  ustimer.o [14]
      .text               ro code     0x2'7854    0x170  sleep-efm32.o [12]
      .text               ro code     0x2'79c4      0x8  em_core.o [15]
      .text               ro code     0x2'79cc     0x50  micro-internal.o [61]
      .text               ro code     0x2'7a1c    0xa68  zigbee-device.o [72]
      .text               ro code     0x2'8484      0x8  end-device-bind-stub.o [59]
      .text               ro code     0x2'848c     0x6c  install-code-tokens.o [62]
      .text               ro code     0x2'84f8    0x528  aps-keys-transient.o [69]
      .text               ro code     0x2'8a20     0x62  hmac.o [69]
      .text               ro code     0x2'8a82     0x1a  aps-keys-full-stub.o [70]
      .text               ro code     0x2'8a9c      0x4  ember-duty-cycle-stub.o [72]
      .text               ro code     0x2'8aa0     0x22  I64Shl.o [68]
      .text               ro code     0x2'8ac2      0xc  coexistence-802154.o [7]
      .text               ro code     0x2'8ad0    0x130  rail_singleprotocol.o [64]
      .text               ro code     0x2'8c00     0xbe  rail_calibration.o [64]
      .text               ro code     0x2'8cc0     0xbe  rail_tx.o [64]
      .text               ro code     0x2'8d80    0x1c8  rail_ieee802154.o [64]
      .text               ro code     0x2'8f48     0x5e  duty-cycle-stub.o [72]
      .text               ro code     0x2'8fa8     0x34  antenna-stub.o [4]
      .text               ro code     0x2'8fdc     0xa0  rail_data.o [64]
      .text               ro code     0x2'907c     0x26  rail_rx.o [64]
      .text               ro code     0x2'90a4     0x18  eui64.o [72]
      .text               ro code     0x2'90bc     0xb0  rail_autoack.o [64]
      .text               ro code     0x2'916c      0xc  rail_pti.o [64]
      .text               ro code     0x2'9178      0x2  phy.o [72]
      .text               ro code     0x2'917c     0xca  security-config-mfg-3xx.o [69]
      .text               ro code     0x2'9248    0x7ce  com.o [36]
      .text               ro code     0x2'9a18     0x28  basic.o [5]
      .text               ro code     0x2'9a40    0x11c  identify.o [23]
      .text               ro code     0x2'9b5c    0x142  zll-identify-server.o [44]
      .text               ro code     0x2'9ca0    0x1c4  on-off.o [32]
      .text               ro code     0x2'9e64    0x3f0  zll-on-off-server.o [46]
      .text               ro code     0x2'a254    0x70c  level-control.o [25]
      .text               ro code     0x2'a960    0xdfa  color-control-server.o [8]
      .text               ro code     0x2'b75c     0x44  find-and-bind-target.o [17]
      .text               ro code     0x2'b7a0     0x1e  rail_rssi.o [64]
      .text               ro code     0x2'b7c0     0x68  network-steering-soc.o [29]
      .text               ro code     0x2'b828    0x100  zigbee-device-common.o [1]
      .text               ro code     0x2'b928     0x56  service-discovery-soc.o [41]
      .text               ro code     0x2'b980      0x2  af-security-common.o [41]
      .text               ro code     0x2'b984     0x1c  em_system.o [15]
      .text               ro code     0x2'b9a0     0xf0  hal-config.o [21]
      .text               ro code     0x2'ba90    0x194  tempdrv.o [14]
      .text               ro code     0x2'bc24     0x82  em_emu.o [15]
      .text               ro code     0x2'bca8     0x1c  pa_conversions_efr32.o [64]
      .text               ro code     0x2'bcc4     0x1c  em_rmu.o [15]
      .text               ro code     0x2'bce0    0x524  core-cli.o [41]
      .text               ro code     0x2'c204     0xf4  em_se.o [15]
      Veneer              ro code     0x2'c2f8      0x8  - Linker created -
      .text               ro code     0x2'c300     0xbc  flash.o [61]
      .text               ro code     0x2'c3bc      0x4  cbke-crypto-engine-dsa-sign-stub.o [52]
      .text               ro code     0x2'c3c0     0x70  faults-v7m.o [12]
      .text               ro code     0x2'c430    0x148  system_efr32mg21.o [15]
      .text               ro code     0x2'c578    0x256  nvm3_page.o [63]
      .text               ro code     0x2'c7d0    0x1ba  nvm3_object.o [63]
      .text               ro code     0x2'c98c    0x1fa  nvm3_cache.o [63]
      .text               ro code     0x2'cb88     0x1e  memcmp_small.o [68]
      .text               ro code     0x2'cba6     0x3e  nvm3_utils.o [63]
      .text               ro code     0x2'cbe4     0x10  nvm3_lock.o [30]
      .text               ro code     0x2'cbf4      0xc  nvm3_lock.o [30]
      .text               ro code     0x2'cc00     0x24  crc.o [1]
      .text               ro code     0x2'cc24    0x14e  aes-mmo.o [69]
      .text               ro code     0x2'cd74    0x134  se_aes.o [26]
      .text               ro code     0x2'cea8    0x1c8  ccm-star.o [6]
      .text               ro code     0x2'd070    0x10c  symbol-timer.o [72]
      .text               ro code     0x2'd17c    0x134  em_gpio.o [15]
      .text               ro code     0x2'd2b0    0x170  SEGGER_RTT.o [10]
      .text               ro code     0x2'd420     0x28  rfhal_module.o [64]
      .text               ro code     0x2'd448   0x1594  rail_rf_hal.o [64]
      .text               ro code     0x2'e9dc     0x18  rail_assert.o [64]
      .text               ro code     0x2'e9f4     0xc0  pa_conversions_efr32.o [64]
      .text               ro code     0x2'eab4      0x8  em_core.o [15]
      .text               ro code     0x2'eabc      0x6  em_core.o [15]
      .text               ro code     0x2'eac4     0xb8  rfhal_antenna.o [64]
      .text               ro code     0x2'eb7c     0x9c  em_rtcc.o [15]
      .text               ro code     0x2'ec18    0x106  I64DivMod_small.o [68]
      .text               ro code     0x2'ed20    0x1ba  em_timer.o [15]
      .text               ro code     0x2'eedc    0x1c4  zdo-binding-table.o [49]
      .text               ro code     0x2'f0a0     0x68  rfhal_ircal.o [64]
      .text               ro code     0x2'f108     0xac  pa_conversions_efr32.o [64]
      .text               ro code     0x2'f1b4    0x274  rail_ieee802154_rf_hal.o [64]
      .text               ro code     0x2'f428    0xb34  uartdrv.o [14]
      .text               ro code     0x2'ff5c    0x1ea  em_usart.o [15]
      .text               ro code     0x3'0146     0x1e  zll-level-control-server.o [45]
      .text               ro code     0x3'0164    0x156  button.o [12]
      .text               ro code     0x3'02ba      0x2  em_emu.o [15]
      .text               ro code     0x3'02bc     0x30  em_msc.o [15]
      .text               ro code     0x3'02ec     0x1c  se_management.o [26]
      .text               ro code     0x3'0308      0x4  rail_timer.o [64]
      .text               ro code     0x3'030c     0x18  strcpy.o [68]
      .text               ro code     0x3'0324    0x2d0  rfhal_timings.o [64]
      .text               ro code     0x3'05f4    0xecc  generic_phy.o [64]
      .text               ro code     0x3'14c0    0x580  rfhal_radio.o [64]
      .text               ro code     0x3'1a40    0x76c  rfhal_pa.o [64]
      .text               ro code     0x3'21ac    0x600  rfhal_bufc.o [64]
      .text               ro code     0x3'27ac    0x4ea  rfhal_protimer.o [64]
      .text               ro code     0x3'2c98     0x2c  rfhal_tempcal.o [64]
      .text               ro code     0x3'2cc4    0x2f4  rfhal_synth.o [64]
      .text               ro code     0x3'2fb8    0x120  rfhal_rand.o [64]
      .text               ro code     0x3'30d8    0x134  rfhal_pti.o [64]
      .text               ro code     0x3'320c      0x2  I64DivZer.o [68]
      .text               ro code     0x3'3210    0x430  dmadrv.o [14]
      .text               ro code     0x3'3640     0xc0  gpiointerrupt.o [14]
      .text               ro code     0x3'3700     0x4c  em_core.o [15]
      .text               ro code     0x3'374c     0x14  rail_ble_rf_hal.o [64]
      .text               ro code     0x3'3760     0x44  seq_globals.o [64]
      .text               ro code     0x3'37a4     0x1e  U64Shr.o [68]
      .text               ro code     0x3'37c4      0x6  ABImemclr.o [68]
      .text               ro code     0x3'37cc    0x184  em_ldma.o [15]
      .text               ro code     0x3'3950     0x40  em_core.o [15]
      .text               ro code     0x3'3990    0x38e  zll-commissioning-cli.o [42]
      .text               ro code     0x3'3d20    0x314  network-cli.o [41]
      .text               ro code     0x3'4034    0x360  option-cli.o [41]
      .text               ro code     0x3'4394    0x360  security-cli.o [41]
      .text               ro code     0x3'46f4    0x9f2  zcl-cli.o [41]
      .text               ro code     0x3'50e8    0x58a  zdo-cli.o [41]
      .text               ro code     0x3'5674     0x18  scenes-cli.o [35]
      .text               ro code     0x3'568c     0xb0  reporting-cli.o [33]
      Veneer              ro code     0x3'573c      0x8  - Linker created -
      .text               ro code     0x3'5744     0xe0  nvm3_hal_flash.o [31]
      .text               ro code     0x3'5824    0x21a  network-steering-cli.o [29]
      .text               ro code     0x3'5a40     0xe4  network-creator-security-cli.o [28]
      .text               ro code     0x3'5b24    0x16c  network-creator-cli.o [27]
      .text               ro code     0x3'5c90    0x368  network-creator.o [27]
      .text               ro code     0x3'5ff8     0xd4  interpan-cli.o [24]
      .text               ro code     0x3'60cc     0x5c  groups-server-cli.o [20]
      .text               ro code     0x3'6128      0x4  faults-v7m.o [12]
      .text               ro code     0x3'612c      0x4  faults-v7m.o [12]
      .text               ro code     0x3'6130      0x4  faults-v7m.o [12]
      .text               ro code     0x3'6134      0x4  faults-v7m.o [12]
      .text               ro code     0x3'6138      0x4  faults-v7m.o [12]
      .text               ro code     0x3'613c      0x4  faults-v7m.o [12]
      .text               ro code     0x3'6140      0x4  isr-stubs.o [12]
      .text               ro code     0x3'6144     0xc0  counters-cli.o [9]
      .text               ro code     0x3'6204     0xac  library.o [1]
      .text               ro code     0x3'62b0     0x1c  rfhal_rtccsync.o [64]
      .text               ro code     0x3'62cc     0x22  fpinit_M.o [65]
      .text               ro code     0x3'62f0     0x1e  cmain.o [68]
      .text               ro code     0x3'630e      0x4  low_level_init.o [58]
      .text               ro code     0x3'6314     0x28  data_init.o [68]
      .text               ro code     0x3'633c     0x12  simple-main.o [38]
      .text               ro code     0x3'634e      0x4  exit.o [58]
      .text               ro code     0x3'6354      0xa  cexit.o [68]
      .text               ro code     0x3'6360      0xc  XXexit.o [68]
      .text               ro code     0x3'636c     0x10  update-tc-link-key-cli.o [40]
      .text               ro code     0x3'637c     0x12  find-and-bind-target-cli.o [17]
      .text               ro code     0x3'638e      0xa  znet-cli.o [1]
      .text               ro code     0x3'6398      0xe  startup_efr32mg21.o [61]
      .text               ro code     0x3'63a6      0xc  cstartup_M.o [68]
    .rodata               const       0x3'63b4      0x4  zll-utility-server.o [48]
    .rodata               const       0x3'63b8      0x4  zll-scenes-server.o [47]
    .rodata               const       0x3'63bc      0x8  zll-on-off-server.o [46]
    .rodata               const       0x3'63c4      0x8  zll-on-off-server.o [46]
    .rodata               const       0x3'63cc     0x10  zll-on-off-server.o [46]
    .rodata               const       0x3'63dc     0x18  zll-on-off-server.o [46]
    .rodata               const       0x3'63f4      0x4  zll-commissioning-server.o [43]
    .rodata               const       0x3'63f8     0x1c  zll-commissioning-server.o [43]
    .rodata               const       0x3'6414     0x20  zll-commissioning-server.o [43]
    .rodata               const       0x3'6434     0x2c  zll-commissioning-cli.o [42]
    .rodata               const       0x3'6460     0x2c  zll-commissioning-cli.o [42]
    .rodata               const       0x3'648c      0x8  zll-commissioning-cli.o [42]
    .rodata               const       0x3'6494      0x8  zll-commissioning-cli.o [42]
    .rodata               const       0x3'649c     0x18  zll-commissioning-cli.o [42]
    .rodata               const       0x3'64b4     0x18  zll-commissioning-cli.o [42]
    .rodata               const       0x3'64cc     0x14  zll-commissioning-cli.o [42]
    .rodata               const       0x3'64e0      0xc  zll-commissioning-cli.o [42]
    .rodata               const       0x3'64ec     0x10  zll-commissioning-cli.o [42]
    .rodata               const       0x3'64fc      0x8  zll-commissioning-cli.o [42]
    .rodata               const       0x3'6504      0x8  zll-commissioning-cli.o [42]
    .rodata               const       0x3'650c      0xc  zll-commissioning-cli.o [42]
    .rodata               const       0x3'6518      0x8  zll-commissioning-cli.o [42]
    .rodata               const       0x3'6520      0xc  zll-commissioning-cli.o [42]
    .rodata               const       0x3'652c      0xc  zll-commissioning-cli.o [42]
    .rodata               const       0x3'6538     0x10  zll-commissioning-cli.o [42]
    .rodata               const       0x3'6548     0x28  zll-commissioning-cli.o [42]
    .rodata               const       0x3'6570     0x28  zll-commissioning-cli.o [42]
    .rodata               const       0x3'6598     0x18  zll-commissioning-cli.o [42]
    .rodata               const       0x3'65b0     0x14  zll-commissioning-cli.o [42]
    .rodata               const       0x3'65c4     0x18  zll-commissioning-cli.o [42]
    .rodata               const       0x3'65dc     0x18  zll-commissioning-cli.o [42]
    .rodata               const       0x3'65f4     0x1c  zll-commissioning-cli.o [42]
    .rodata               const       0x3'6610     0x14  zll-commissioning-cli.o [42]
    .rodata               const       0x3'6624     0x20  zll-commissioning-cli.o [42]
    .rodata               const       0x3'6644     0x10  zll-commissioning-cli.o [42]
    .rodata               const       0x3'6654      0x8  zll-commissioning-cli.o [42]
    .rodata               const       0x3'665c      0xc  zll-commissioning-cli.o [42]
    .rodata               const       0x3'6668      0xc  zll-commissioning-cli.o [42]
    .rodata               const       0x3'6674     0x30  zll-commissioning-common.o [42]
    .rodata               const       0x3'66a4     0x1c  zll-commissioning-common.o [42]
    .rodata               const       0x3'66c0     0x28  zll-commissioning-common.o [42]
    .rodata               const       0x3'66e8     0x14  zll-commissioning-common.o [42]
    .rodata               const       0x3'66fc      0x8  zll-commissioning-common.o [42]
    .rodata               const       0x3'6704     0x18  zll-commissioning-common.o [42]
    .rodata               const       0x3'671c     0x18  zll-commissioning-common.o [42]
    .rodata               const       0x3'6734     0x30  zll-commissioning-common.o [42]
    .rodata               const       0x3'6764     0x20  zll-commissioning-common.o [42]
    .rodata               const       0x3'6784     0x18  zll-commissioning-common.o [42]
    .rodata               const       0x3'679c     0x10  zll-commissioning-common.o [42]
    .rodata               const       0x3'67ac     0x20  af-event.o [41]
    .rodata               const       0x3'67cc     0x20  af-event.o [41]
    .rodata               const       0x3'67ec     0x20  af-event.o [41]
    .rodata               const       0x3'680c     0x20  af-event.o [41]
    .rodata               const       0x3'682c     0x20  af-event.o [41]
    .rodata               const       0x3'684c     0x1c  af-event.o [41]
    .rodata               const       0x3'6868     0x24  af-event.o [41]
    .rodata               const       0x3'688c     0x20  af-event.o [41]
    .rodata               const       0x3'68ac     0x1c  af-event.o [41]
    .rodata               const       0x3'68c8     0x24  af-event.o [41]
    .rodata               const       0x3'68ec     0x20  af-event.o [41]
    .rodata               const       0x3'690c     0x38  af-event.o [41]
    .rodata               const       0x3'6944     0x34  af-event.o [41]
    .rodata               const       0x3'6978     0x34  af-event.o [41]
    .rodata               const       0x3'69ac     0x24  af-event.o [41]
    .rodata               const       0x3'69d0     0x2c  af-event.o [41]
    .rodata               const       0x3'69fc     0x20  af-event.o [41]
    .rodata               const       0x3'6a1c     0x24  af-event.o [41]
    .rodata               const       0x3'6a40     0x2c  af-event.o [41]
    .rodata               const       0x3'6a6c     0x28  af-event.o [41]
    .rodata               const       0x3'6a94     0x18  af-event.o [41]
    .rodata               const       0x3'6aac     0x1c  af-event.o [41]
    .rodata               const       0x3'6ac8     0x30  af-event.o [41]
    .rodata               const       0x3'6af8     0x24  af-event.o [41]
    .rodata               const       0x3'6b1c     0x30  af-event.o [41]
    .rodata               const       0x3'6b4c     0x30  af-event.o [41]
    .rodata               const       0x3'6b7c     0x30  af-event.o [41]
    .rodata               const       0x3'6bac     0xe0  af-event.o [41]
    .rodata               const       0x3'6c8c      0xc  af-main-common.o [41]
    .rodata               const       0x3'6c98      0x8  af-main-common.o [41]
    .rodata               const       0x3'6ca0      0x8  af-main-common.o [41]
    .rodata               const       0x3'6ca8      0x8  af-main-common.o [41]
    .rodata               const       0x3'6cb0      0x8  af-main-common.o [41]
    .rodata               const       0x3'6cb8      0x8  af-main-common.o [41]
    .rodata               const       0x3'6cc0      0x8  af-main-common.o [41]
    .rodata               const       0x3'6cc8      0x4  af-main-common.o [41]
    .rodata               const       0x3'6ccc      0x8  af-main-common.o [41]
    .rodata               const       0x3'6cd4      0x8  af-main-common.o [41]
    .rodata               const       0x3'6cdc     0x10  af-main-common.o [41]
    .rodata               const       0x3'6cec      0x8  af-main-common.o [41]
    .rodata               const       0x3'6cf4      0x4  af-main-common.o [41]
    .rodata               const       0x3'6cf8     0x3c  af-main-common.o [41]
    .rodata               const       0x3'6d34     0x18  af-main-common.o [41]
    .rodata               const       0x3'6d4c     0x28  af-main-common.o [41]
    .rodata               const       0x3'6d74     0x14  af-main-common.o [41]
    .rodata               const       0x3'6d88      0x8  af-main-common.o [41]
    .rodata               const       0x3'6d90      0x8  af-main-common.o [41]
    .rodata               const       0x3'6d98     0x10  af-main-common.o [41]
    .rodata               const       0x3'6da8     0x28  af-main-common.o [41]
    .rodata               const       0x3'6dd0     0x18  af-main-common.o [41]
    .rodata               const       0x3'6de8     0x1c  af-main-common.o [41]
    .rodata               const       0x3'6e04     0x24  af-main-common.o [41]
    .rodata               const       0x3'6e28      0x8  af-main-common.o [41]
    .rodata               const       0x3'6e30     0x14  af-main-common.o [41]
    .rodata               const       0x3'6e44     0x30  af-main-common.o [41]
    .rodata               const       0x3'6e74     0x14  af-main-common.o [41]
    .rodata               const       0x3'6e88      0x8  af-main-common.o [41]
    .rodata               const       0x3'6e90      0x8  af-main-common.o [41]
    .rodata               const       0x3'6e98      0xc  af-main-common.o [41]
    .rodata               const       0x3'6ea4      0x8  af-main-common.o [41]
    .rodata               const       0x3'6eac     0x10  af-main-common.o [41]
    .rodata               const       0x3'6ebc      0x8  af-main-common.o [41]
    .rodata               const       0x3'6ec4      0xc  af-main-common.o [41]
    .rodata               const       0x3'6ed0     0x20  af-main-common.o [41]
    .rodata               const       0x3'6ef0      0xc  af-main-common.o [41]
    .rodata               const       0x3'6efc      0xc  af-main-common.o [41]
    .rodata               const       0x3'6f08      0x8  af-main-common.o [41]
    .rodata               const       0x3'6f10     0x30  af-main-common.o [41]
    .rodata               const       0x3'6f40     0x1c  af-main-common.o [41]
    .rodata               const       0x3'6f5c      0x8  af-main-common.o [41]
    .rodata               const       0x3'6f64     0x18  af-main-common.o [41]
    .rodata               const       0x3'6f7c      0x4  af-main-common.o [41]
    .rodata               const       0x3'6f80     0x10  af-main-common.o [41]
    .rodata               const       0x3'6f90     0x48  af-main-common.o [41]
    .rodata               const       0x3'6fd8     0x18  af-main-soc.o [41]
    .rodata               const       0x3'6ff0     0x20  af-main-soc.o [41]
    .rodata               const       0x3'7010     0x14  af-main-soc.o [41]
    .rodata               const       0x3'7024      0x8  af-main-soc.o [41]
    .rodata               const       0x3'702c     0x10  af-main-soc.o [41]
    .rodata               const       0x3'703c      0x4  af-main-soc.o [41]
    .rodata               const       0x3'7040     0x10  af-main-soc.o [41]
    .rodata               const       0x3'7050      0xc  af-main-soc.o [41]
    .rodata               const       0x3'705c      0xc  af-main-soc.o [41]
    .rodata               const       0x3'7068     0x18  af-main-soc.o [41]
    .rodata               const       0x3'7080     0x18  af-main-soc.o [41]
    .rodata               const       0x3'7098      0x4  af-trust-center.o [41]
    .rodata               const       0x3'709c     0x30  attribute-size.o [41]
    .rodata               const       0x3'70cc      0x4  attribute-storage.o [41]
    .rodata               const       0x3'70d0      0x8  attribute-storage.o [41]
    .rodata               const       0x3'70d8      0x8  attribute-storage.o [41]
    .rodata               const       0x3'70e0      0x4  attribute-storage.o [41]
    .rodata               const       0x3'70e4      0x4  attribute-storage.o [41]
    .rodata               const       0x3'70e8     0x18  attribute-storage.o [41]
    .rodata               const       0x3'7100      0x8  attribute-storage.o [41]
    .rodata               const       0x3'7108      0x4  attribute-storage.o [41]
    .rodata               const       0x3'710c      0x4  attribute-storage.o [41]
    .rodata               const       0x3'7110      0x8  attribute-storage.o [41]
    .rodata               const       0x3'7118      0x4  attribute-storage.o [41]
    .rodata               const       0x3'711c      0x4  attribute-storage.o [41]
    .rodata               const       0x3'7120    0x12c  attribute-storage.o [41]
    .rodata               const       0x3'724c      0x4  attribute-storage.o [41]
    .rodata               const       0x3'7250    0x3d8  attribute-storage.o [41]
    .rodata               const       0x3'7628    0x12c  attribute-storage.o [41]
    .rodata               const       0x3'7754     0x18  attribute-storage.o [41]
    .rodata               const       0x3'776c      0x4  attribute-storage.o [41]
    .rodata               const       0x3'7770      0x4  attribute-storage.o [41]
    .rodata               const       0x3'7774     0x10  core-cli.o [41]
    .rodata               const       0x3'7784     0x10  core-cli.o [41]
    .rodata               const       0x3'7794     0x1c  core-cli.o [41]
    .rodata               const       0x3'77b0      0x8  core-cli.o [41]
    .rodata               const       0x3'77b8     0x18  core-cli.o [41]
    .rodata               const       0x3'77d0     0x18  core-cli.o [41]
    .rodata               const       0x3'77e8      0x8  core-cli.o [41]
    .rodata               const       0x3'77f0     0x20  core-cli.o [41]
    .rodata               const       0x3'7810      0xc  core-cli.o [41]
    .rodata               const       0x3'781c      0xc  core-cli.o [41]
    .rodata               const       0x3'7828     0x20  core-cli.o [41]
    .rodata               const       0x3'7848      0xc  core-cli.o [41]
    .rodata               const       0x3'7854     0x24  core-cli.o [41]
    .rodata               const       0x3'7878      0xc  core-cli.o [41]
    .rodata               const       0x3'7884      0x8  core-cli.o [41]
    .rodata               const       0x3'788c      0x8  core-cli.o [41]
    .rodata               const       0x3'7894     0x10  core-cli.o [41]
    .rodata               const       0x3'78a4      0xc  core-cli.o [41]
    .rodata               const       0x3'78b0     0x14  core-cli.o [41]
    .rodata               const       0x3'78c4      0xc  core-cli.o [41]
    .rodata               const       0x3'78d0     0x20  core-cli.o [41]
    .rodata               const       0x3'78f0      0x8  core-cli.o [41]
    .rodata               const       0x3'78f8      0xc  core-cli.o [41]
    .rodata               const       0x3'7904     0x34  core-cli.o [41]
    .rodata               const       0x3'7938     0x18  core-cli.o [41]
    .rodata               const       0x3'7950      0xc  core-cli.o [41]
    .rodata               const       0x3'795c      0xc  core-cli.o [41]
    .rodata               const       0x3'7968     0x10  core-cli.o [41]
    .rodata               const       0x3'7978      0xc  core-cli.o [41]
    .rodata               const       0x3'7984      0xc  core-cli.o [41]
    .rodata               const       0x3'7990     0x14  core-cli.o [41]
    .rodata               const       0x3'79a4     0x1c  core-cli.o [41]
    .rodata               const       0x3'79c0      0x4  core-cli.o [41]
    .rodata               const       0x3'79c4      0x8  core-cli.o [41]
    .rodata               const       0x3'79cc      0xc  core-cli.o [41]
    .rodata               const       0x3'79d8      0x8  core-cli.o [41]
    .rodata               const       0x3'79e0     0x20  core-cli.o [41]
    .rodata               const       0x3'7a00      0x8  core-cli.o [41]
    .rodata               const       0x3'7a08     0x10  core-cli.o [41]
    .rodata               const       0x3'7a18     0x10  core-cli.o [41]
    .rodata               const       0x3'7a28      0x8  core-cli.o [41]
    .rodata               const       0x3'7a30      0xc  core-cli.o [41]
    .rodata               const       0x3'7a3c      0x8  core-cli.o [41]
    .rodata               const       0x3'7a44      0xc  core-cli.o [41]
    .rodata               const       0x3'7a50     0x1c  core-cli.o [41]
    .rodata               const       0x3'7a6c      0x4  core-cli.o [41]
    .rodata               const       0x3'7a70      0x8  network-cli.o [41]
    .rodata               const       0x3'7a78      0x8  network-cli.o [41]
    .rodata               const       0x3'7a80      0x8  network-cli.o [41]
    .rodata               const       0x3'7a88     0x18  network-cli.o [41]
    .rodata               const       0x3'7aa0     0x1c  network-cli.o [41]
    .rodata               const       0x3'7abc     0x10  network-cli.o [41]
    .rodata               const       0x3'7acc      0x8  network-cli.o [41]
    .rodata               const       0x3'7ad4     0x14  network-cli.o [41]
    .rodata               const       0x3'7ae8     0x14  network-cli.o [41]
    .rodata               const       0x3'7afc     0x20  network-cli.o [41]
    .rodata               const       0x3'7b1c     0x1c  network-cli.o [41]
    .rodata               const       0x3'7b38     0x18  network-cli.o [41]
    .rodata               const       0x3'7b50     0x1c  network-cli.o [41]
    .rodata               const       0x3'7b6c     0x10  network-cli.o [41]
    .rodata               const       0x3'7b7c     0x1c  network-cli.o [41]
    .rodata               const       0x3'7b98     0x18  network-cli.o [41]
    .rodata               const       0x3'7bb0      0x8  network-cli.o [41]
    .rodata               const       0x3'7bb8     0x14  network-cli.o [41]
    .rodata               const       0x3'7bcc     0x14  network-cli.o [41]
    .rodata               const       0x3'7be0      0x8  network-cli.o [41]
    .rodata               const       0x3'7be8     0x1c  network-cli.o [41]
    .rodata               const       0x3'7c04     0x20  network-cli.o [41]
    .rodata               const       0x3'7c24     0x30  network-cli.o [41]
    .rodata               const       0x3'7c54     0x30  network-cli.o [41]
    .rodata               const       0x3'7c84     0x1c  option-cli.o [41]
    .rodata               const       0x3'7ca0      0xc  option-cli.o [41]
    .rodata               const       0x3'7cac     0x1c  option-cli.o [41]
    .rodata               const       0x3'7cc8     0x18  option-cli.o [41]
    .rodata               const       0x3'7ce0     0x14  option-cli.o [41]
    .rodata               const       0x3'7cf4      0xc  option-cli.o [41]
    .rodata               const       0x3'7d00      0x8  option-cli.o [41]
    .rodata               const       0x3'7d08      0x8  option-cli.o [41]
    .rodata               const       0x3'7d10      0x8  option-cli.o [41]
    .rodata               const       0x3'7d18      0x8  option-cli.o [41]
    .rodata               const       0x3'7d20      0x8  option-cli.o [41]
    .rodata               const       0x3'7d28      0x8  option-cli.o [41]
    .rodata               const       0x3'7d30      0x8  option-cli.o [41]
    .rodata               const       0x3'7d38     0x30  option-cli.o [41]
    .rodata               const       0x3'7d68      0x8  option-cli.o [41]
    .rodata               const       0x3'7d70      0x4  option-cli.o [41]
    .rodata               const       0x3'7d74     0x24  option-cli.o [41]
    .rodata               const       0x3'7d98     0x20  option-cli.o [41]
    .rodata               const       0x3'7db8     0x18  option-cli.o [41]
    .rodata               const       0x3'7dd0     0x10  option-cli.o [41]
    .rodata               const       0x3'7de0     0x24  option-cli.o [41]
    .rodata               const       0x3'7e04     0x3c  option-cli.o [41]
    .rodata               const       0x3'7e40     0x20  option-cli.o [41]
    .rodata               const       0x3'7e60     0x14  option-cli.o [41]
    .rodata               const       0x3'7e74     0x14  option-cli.o [41]
    .rodata               const       0x3'7e88      0x4  print-formatter.o [41]
    .rodata               const       0x3'7e8c     0x18  print-formatter.o [41]
    .rodata               const       0x3'7ea4      0x4  print-formatter.o [41]
    .rodata               const       0x3'7ea8      0x4  print-formatter.o [41]
    .rodata               const       0x3'7eac      0x4  print-formatter.o [41]
    .rodata               const       0x3'7eb0      0x8  print.o [41]
    .rodata               const       0x3'7eb8      0xc  print.o [41]
    .rodata               const       0x3'7ec4     0x1c  print.o [41]
    .rodata               const       0x3'7ee0      0x4  print.o [41]
    .rodata               const       0x3'7ee4     0x10  print.o [41]
    .rodata               const       0x3'7ef4     0x2c  process-cluster-message.o [41]
    .rodata               const       0x3'7f20      0x8  process-cluster-message.o [41]
    .rodata               const       0x3'7f28      0xc  process-global-message.o [41]
    .rodata               const       0x3'7f34     0x18  security-cli.o [41]
    .rodata               const       0x3'7f4c      0x8  security-cli.o [41]
    .rodata               const       0x3'7f54     0x38  security-cli.o [41]
    .rodata               const       0x3'7f8c     0x10  security-cli.o [41]
    .rodata               const       0x3'7f9c      0x8  security-cli.o [41]
    .rodata               const       0x3'7fa4     0x14  security-cli.o [41]
    .rodata               const       0x3'7fb8      0x8  security-cli.o [41]
    .rodata               const       0x3'7fc0      0xc  security-cli.o [41]
    .rodata               const       0x3'7fcc      0x8  security-cli.o [41]
    .rodata               const       0x3'7fd4      0xc  security-cli.o [41]
    .rodata               const       0x3'7fe0     0x14  security-cli.o [41]
    .rodata               const       0x3'7ff4     0x10  security-cli.o [41]
    .rodata               const       0x3'8004     0x28  security-cli.o [41]
    .rodata               const       0x3'802c     0x38  security-cli.o [41]
    .rodata               const       0x3'8064      0x8  security-cli.o [41]
    .rodata               const       0x3'806c      0x8  security-cli.o [41]
    .rodata               const       0x3'8074      0x8  security-cli.o [41]
    .rodata               const       0x3'807c     0x10  security-cli.o [41]
    .rodata               const       0x3'808c     0x3c  security-cli.o [41]
    .rodata               const       0x3'80c8      0x8  security-cli.o [41]
    .rodata               const       0x3'80d0      0xc  security-cli.o [41]
    .rodata               const       0x3'80dc     0x44  security-cli.o [41]
    .rodata               const       0x3'8120      0x8  security-cli.o [41]
    .rodata               const       0x3'8128      0xc  security-cli.o [41]
    .rodata               const       0x3'8134     0x50  security-cli.o [41]
    .rodata               const       0x3'8184     0x24  time-util.o [41]
    .rodata               const       0x3'81a8      0xc  time-util.o [41]
    .rodata               const       0x3'81b4      0x8  util.o [41]
    .rodata               const       0x3'81bc      0xc  util.o [41]
    .rodata               const       0x3'81c8      0x8  util.o [41]
    .rodata               const       0x3'81d0      0x8  util.o [41]
    .rodata               const       0x3'81d8      0x8  util.o [41]
    .rodata               const       0x3'81e0     0x10  util.o [41]
    .rodata               const       0x3'81f0      0xc  util.o [41]
    .rodata               const       0x3'81fc     0x10  util.o [41]
    .rodata               const       0x3'820c     0x14  util.o [41]
    .rodata               const       0x3'8220     0x18  util.o [41]
    .rodata               const       0x3'8238      0x8  util.o [41]
    .rodata               const       0x3'8240      0x8  util.o [41]
    .rodata               const       0x3'8248     0x20  util.o [41]
    .rodata               const       0x3'8268      0xc  util.o [41]
    .rodata               const       0x3'8274     0x20  util.o [41]
    .rodata               const       0x3'8294     0x1c  util.o [41]
    .rodata               const       0x3'82b0      0x8  util.o [41]
    .rodata               const       0x3'82b8     0x50  util.o [41]
    .rodata               const       0x3'8308     0x20  util.o [41]
    .rodata               const       0x3'8328     0x14  util.o [41]
    .rodata               const       0x3'833c     0x24  zcl-cli.o [41]
    .rodata               const       0x3'8360      0xc  zcl-cli.o [41]
    .rodata               const       0x3'836c     0x44  zcl-cli.o [41]
    .rodata               const       0x3'83b0     0x28  zcl-cli.o [41]
    .rodata               const       0x3'83d8     0x34  zcl-cli.o [41]
    .rodata               const       0x3'840c     0x30  zcl-cli.o [41]
    .rodata               const       0x3'843c      0x8  zcl-cli.o [41]
    .rodata               const       0x3'8444     0x28  zcl-cli.o [41]
    .rodata               const       0x3'846c     0x10  zcl-cli.o [41]
    .rodata               const       0x3'847c     0x14  zcl-cli.o [41]
    .rodata               const       0x3'8490     0x1c  zcl-cli.o [41]
    .rodata               const       0x3'84ac     0x14  zcl-cli.o [41]
    .rodata               const       0x3'84c0     0x24  zcl-cli.o [41]
    .rodata               const       0x3'84e4      0x8  zcl-cli.o [41]
    .rodata               const       0x3'84ec      0xc  zcl-cli.o [41]
    .rodata               const       0x3'84f8     0x10  zcl-cli.o [41]
    .rodata               const       0x3'8508      0x8  zcl-cli.o [41]
    .rodata               const       0x3'8510      0x8  zcl-cli.o [41]
    .rodata               const       0x3'8518     0x18  zcl-cli.o [41]
    .rodata               const       0x3'8530     0x18  zcl-cli.o [41]
    .rodata               const       0x3'8548      0x8  zcl-cli.o [41]
    .rodata               const       0x3'8550     0x18  zcl-cli.o [41]
    .rodata               const       0x3'8568      0x8  zcl-cli.o [41]
    .rodata               const       0x3'8570     0x18  zdo-cli.o [41]
    .rodata               const       0x3'8588     0x18  zdo-cli.o [41]
    .rodata               const       0x3'85a0     0x18  zdo-cli.o [41]
    .rodata               const       0x3'85b8     0x40  zdo-cli.o [41]
    .rodata               const       0x3'85f8     0x30  zdo-cli.o [41]
    .rodata               const       0x3'8628     0x10  zdo-cli.o [41]
    .rodata               const       0x3'8638     0x18  zdo-cli.o [41]
    .rodata               const       0x3'8650     0x20  zdo-cli.o [41]
    .rodata               const       0x3'8670     0x1c  zdo-cli.o [41]
    .rodata               const       0x3'868c     0x20  zdo-cli.o [41]
    .rodata               const       0x3'86ac     0x20  zdo-cli.o [41]
    .rodata               const       0x3'86cc     0x14  zdo-cli.o [41]
    .rodata               const       0x3'86e0     0x20  zdo-cli.o [41]
    .rodata               const       0x3'8700     0x20  zdo-cli.o [41]
    .rodata               const       0x3'8720     0x18  zdo-cli.o [41]
    .rodata               const       0x3'8738     0x1c  zdo-cli.o [41]
    .rodata               const       0x3'8754     0x10  zdo-cli.o [41]
    .rodata               const       0x3'8764      0xc  zdo-cli.o [41]
    .rodata               const       0x3'8770     0x18  zdo-cli.o [41]
    .rodata               const       0x3'8788     0x14  zdo-cli.o [41]
    .rodata               const       0x3'879c      0x8  zdo-cli.o [41]
    .rodata               const       0x3'87a4      0x8  zdo-cli.o [41]
    .rodata               const       0x3'87ac     0x34  zdo-cli.o [41]
    .rodata               const       0x3'87e0     0x14  zdo-cli.o [41]
    .rodata               const       0x3'87f4      0x4  update-tc-link-key.o [40]
    .rodata               const       0x3'87f8     0x14  update-tc-link-key.o [40]
    .rodata               const       0x3'880c     0x18  update-tc-link-key.o [40]
    .rodata               const       0x3'8824      0x8  update-tc-link-key.o [40]
    .rodata               const       0x3'882c      0x8  update-tc-link-key.o [40]
    .rodata               const       0x3'8834      0xc  update-tc-link-key.o [40]
    .rodata               const       0x3'8840     0x10  update-tc-link-key.o [40]
    .rodata               const       0x3'8850     0x30  update-tc-link-key.o [40]
    .rodata               const       0x3'8880     0x28  serial.o [37]
    .rodata               const       0x3'88a8      0x8  com.o [36]
    .rodata               const       0x3'88b0     0x18  scenes-cli.o [35]
    .rodata               const       0x3'88c8      0xc  scenes.o [35]
    .rodata               const       0x3'88d4     0x10  scenes.o [35]
    .rodata               const       0x3'88e4     0x10  scenes.o [35]
    .rodata               const       0x3'88f4      0xc  scenes.o [35]
    .rodata               const       0x3'8900     0x24  scenes.o [35]
    .rodata               const       0x3'8924      0x8  scenes.o [35]
    .rodata               const       0x3'892c     0x20  scenes.o [35]
    .rodata               const       0x3'894c      0x4  scenes.o [35]
    .rodata               const       0x3'8950      0xc  scenes.o [35]
    .rodata               const       0x3'895c      0x8  scenes.o [35]
    .rodata               const       0x3'8964     0x10  scenes.o [35]
    .rodata               const       0x3'8974     0x14  scenes.o [35]
    .rodata               const       0x3'8988      0x4  scenes.o [35]
    .rodata               const       0x3'898c      0x4  scenes.o [35]
    .rodata               const       0x3'8990      0x4  scenes.o [35]
    .rodata               const       0x3'8994      0x8  scenes.o [35]
    .rodata               const       0x3'899c     0x10  scenes.o [35]
    .rodata               const       0x3'89ac      0xc  scenes.o [35]
    .rodata               const       0x3'89b8      0xc  scenes.o [35]
    .rodata               const       0x3'89c4     0x18  scenes.o [35]
    .rodata               const       0x3'89dc     0x14  scenes.o [35]
    .rodata               const       0x3'89f0     0x14  scenes.o [35]
    .rodata               const       0x3'8a04     0x18  scenes.o [35]
    .rodata               const       0x3'8a1c     0x10  scenes.o [35]
    .rodata               const       0x3'8a2c     0x14  scenes.o [35]
    .rodata               const       0x3'8a40     0xb4  reporting-default-configuration.o [33]
    .rodata               const       0x3'8af4     0x1c  nvm3_hal_flash.o [31]
    .rodata               const       0x3'8b10      0x4  nvm3_lock.o [30]
    .rodata               const       0x3'8b14     0x18  network-steering-cli.o [29]
    .rodata               const       0x3'8b2c     0x14  network-steering-cli.o [29]
    .rodata               const       0x3'8b40      0x8  network-steering-cli.o [29]
    .rodata               const       0x3'8b48      0xc  network-steering-cli.o [29]
    .rodata               const       0x3'8b54     0x14  network-steering-cli.o [29]
    .rodata               const       0x3'8b68     0x1c  network-steering-cli.o [29]
    .rodata               const       0x3'8b84      0x8  network-steering-cli.o [29]
    .rodata               const       0x3'8b8c      0xc  network-steering-cli.o [29]
    .rodata               const       0x3'8b98      0x8  network-steering-cli.o [29]
    .rodata               const       0x3'8ba0      0x8  network-steering-cli.o [29]
    .rodata               const       0x3'8ba8     0x10  network-steering-cli.o [29]
    .rodata               const       0x3'8bb8     0x10  network-steering-cli.o [29]
    .rodata               const       0x3'8bc8     0x10  network-steering-cli.o [29]
    .rodata               const       0x3'8bd8     0x14  network-steering-cli.o [29]
    .rodata               const       0x3'8bec     0x14  network-steering-cli.o [29]
    .rodata               const       0x3'8c00     0x14  network-steering-cli.o [29]
    .rodata               const       0x3'8c14     0x14  network-steering-cli.o [29]
    .rodata               const       0x3'8c28     0x14  network-steering-cli.o [29]
    .rodata               const       0x3'8c3c     0x14  network-steering-cli.o [29]
    .rodata               const       0x3'8c50     0x10  network-steering-cli.o [29]
    .rodata               const       0x3'8c60      0x8  network-steering-cli.o [29]
    .rodata               const       0x3'8c68     0x2c  network-steering-soc.o [29]
    .rodata               const       0x3'8c94      0x8  network-steering.o [29]
    .rodata               const       0x3'8c9c     0x30  network-steering.o [29]
    .rodata               const       0x3'8ccc     0x30  network-steering.o [29]
    .rodata               const       0x3'8cfc     0x2c  network-steering.o [29]
    .rodata               const       0x3'8d28     0x30  network-steering.o [29]
    .rodata               const       0x3'8d58     0x30  network-steering.o [29]
    .rodata               const       0x3'8d88     0x30  network-steering.o [29]
    .rodata               const       0x3'8db8     0x30  network-steering.o [29]
    .rodata               const       0x3'8de8     0x30  network-steering.o [29]
    .rodata               const       0x3'8e18     0x3c  network-steering.o [29]
    .rodata               const       0x3'8e54     0x24  network-steering.o [29]
    .rodata               const       0x3'8e78     0x24  network-steering.o [29]
    .rodata               const       0x3'8e9c     0x1c  network-steering.o [29]
    .rodata               const       0x3'8eb8     0x14  network-steering.o [29]
    .rodata               const       0x3'8ecc     0x28  network-steering.o [29]
    .rodata               const       0x3'8ef4     0x14  network-steering.o [29]
    .rodata               const       0x3'8f08     0x2c  network-steering.o [29]
    .rodata               const       0x3'8f34     0x2c  network-steering.o [29]
    .rodata               const       0x3'8f60     0x18  network-steering.o [29]
    .rodata               const       0x3'8f78     0x10  network-steering.o [29]
    .rodata               const       0x3'8f88     0x2c  network-steering.o [29]
    .rodata               const       0x3'8fb4     0x10  network-steering.o [29]
    .rodata               const       0x3'8fc4      0x8  network-steering.o [29]
    .rodata               const       0x3'8fcc      0x8  network-steering.o [29]
    .rodata               const       0x3'8fd4     0x2c  network-steering.o [29]
    .rodata               const       0x3'9000     0x1c  network-steering.o [29]
    .rodata               const       0x3'901c     0x24  network-steering.o [29]
    .rodata               const       0x3'9040     0x10  network-steering.o [29]
    .rodata               const       0x3'9050     0x10  network-steering.o [29]
    .rodata               const       0x3'9060     0x10  network-steering.o [29]
    .rodata               const       0x3'9070     0x10  network-creator-security-cli.o [28]
    .rodata               const       0x3'9080     0x18  network-creator-security-cli.o [28]
    .rodata               const       0x3'9098     0x18  network-creator-security-cli.o [28]
    .rodata               const       0x3'90b0     0x18  network-creator-security-cli.o [28]
    .rodata               const       0x3'90c8     0x18  network-creator-security-cli.o [28]
    .rodata               const       0x3'90e0      0x8  network-creator-security-cli.o [28]
    .rodata               const       0x3'90e8      0x8  network-creator-security-cli.o [28]
    .rodata               const       0x3'90f0     0x18  network-creator-security-cli.o [28]
    .rodata               const       0x3'9108     0x38  network-creator-security.o [28]
    .rodata               const       0x3'9140     0x18  network-creator-security.o [28]
    .rodata               const       0x3'9158     0x10  network-creator-security.o [28]
    .rodata               const       0x3'9168      0x8  network-creator-security.o [28]
    .rodata               const       0x3'9170      0x8  network-creator-security.o [28]
    .rodata               const       0x3'9178     0x10  network-creator-security.o [28]
    .rodata               const       0x3'9188     0x10  network-creator-security.o [28]
    .rodata               const       0x3'9198     0x10  network-creator-cli.o [27]
    .rodata               const       0x3'91a8      0xc  network-creator-cli.o [27]
    .rodata               const       0x3'91b4      0x8  network-creator-cli.o [27]
    .rodata               const       0x3'91bc     0x1c  network-creator-cli.o [27]
    .rodata               const       0x3'91d8     0x20  network-creator-cli.o [27]
    .rodata               const       0x3'91f8      0x8  network-creator-cli.o [27]
    .rodata               const       0x3'9200      0xc  network-creator-cli.o [27]
    .rodata               const       0x3'920c      0x8  network-creator-cli.o [27]
    .rodata               const       0x3'9214     0x10  network-creator-cli.o [27]
    .rodata               const       0x3'9224     0x14  network-creator-cli.o [27]
    .rodata               const       0x3'9238     0x10  network-creator.o [27]
    .rodata               const       0x3'9248      0xc  network-creator.o [27]
    .rodata               const       0x3'9254     0x14  network-creator.o [27]
    .rodata               const       0x3'9268     0x28  network-creator.o [27]
    .rodata               const       0x3'9290     0x24  network-creator.o [27]
    .rodata               const       0x3'92b4     0x24  network-creator.o [27]
    .rodata               const       0x3'92d8     0x10  network-creator.o [27]
    .rodata               const       0x3'92e8      0xc  se_aes.o [26]
    .rodata               const       0x3'92f4      0xc  se_aes.o [26]
    .rodata               const       0x3'9300      0xc  se_aes.o [26]
    .rodata               const       0x3'930c     0x10  level-control.o [25]
    .rodata               const       0x3'931c     0x28  interpan-cli.o [24]
    .rodata               const       0x3'9344     0x18  interpan-cli.o [24]
    .rodata               const       0x3'935c      0xc  interpan-cli.o [24]
    .rodata               const       0x3'9368      0x8  interpan-cli.o [24]
    .rodata               const       0x3'9370      0x8  interpan-cli.o [24]
[...]
stackEvents                0x1'0ce8   0x120  Data  Gb  zigbee-stack.o [72]
stackTokenInfo             0x1'5924    0x3c  Data  Lc  token-cache.o [72]
startChannelScan             0xfbfd    0x8c  Code  Lc  scan.o [72]
startNetworkOperation        0x8643    0x46  Code  Lc  association.o [72]
startTimerNestingLevel  0x2001'71bc     0x4  Data  Lc  rtcdriver.o [14]
startTransmission          0x2'459d    0x2c  Code  Lc  lower-mac-efr32.o [72]
state                   0x2001'7550     0x1  Data  Lc  zll-api.o [74]
stateFlags              0x2001'7d1c     0x1  Data  Lc  network-creator.o [27]
stateMachineRun            0x1'e1f5    0xce  Code  Lc  network-steering.o [29]
stateTable              0x2001'5c28    0x10  Data  Lc  zll-identify-server.o [44]
stateTable              0x2001'695c    0x28  Data  Lc  level-control.o [25]
stateTable              0x2001'6f70     0x8  Data  Lc  identify.o [23]
states                  0x2001'5ef0    0x40  Data  Lc  service-discovery-common.o [41]
statesInitialized       0x2001'7d01     0x1  Data  Lc  service-discovery-common.o [41]
staticCmd                  0x3'8308    0x20  Data  Lc  util.o [41]
status                     0x1'bf81    0x16  Code  Lc  call-command-handler.o [1]
statusCommand              0x3'3c13     0xc  Code  Gb  zll-commissioning-cli.o [42]
stepHandler                0x2'a6f7   0x100  Code  Lc  level-control.o [25]
stopAllColorTransitions
                           0x2'b337    0x10  Code  Lc  color-control-server.o [8]
stopHandler                0x2'a80f    0x42  Code  Lc  level-control.o [25]
storeAndForwardDelayCount
                        0x2001'7988     0x1  Data  Lc  store-forward.o [72]
storeAndForwardSubmitCount
                        0x2001'7989     0x1  Data  Lc  store-forward.o [72]
storedKeysList          0x2001'57e0     0x1  Data  Lc  aps-keys-transient.o [69]
storedNetworks          0x2001'57b0     0x1  Data  Lc  network-steering-soc.o [29]
strcpy                     0x3'030d          Code  Gb  strcpy.o [68]
stringToUnsignedInt        0x1'fc61    0x7c  Code  Lc  command-interpreter2.o [1]
subBandConfigs             0x3'ca84    0x14  Data  Lc  radio_config_em3xxx_2.4GHz.o [72]
subBandParams              0x3'ca70    0x14  Data  Lc  radio_config_em3xxx_2.4GHz.o [72]
submitCount             0x2001'7915     0x1  Data  Lc  retry.o [72]
subtractHue                0x2'b3d5     0xe  Code  Lc  color-control-server.o [8]
superRetriesIntervalForMacDataPoll
                        0x2001'7748     0x1  Data  Lc  network.o [72]
suspendRadioOnAtStartup
                        0x2001'7580     0x1  Data  Lc  zll-api.o [74]
swoOutput                  0x2'4963    0xd0  Code  Lc  debug-jtag-efr32.o [11]
symbolDelayCallbacks    0x2001'7bbc     0x8  Data  Lc  symbol-timer.o [72]
systemTimerId           0x2001'7758     0x4  Data  Lc  system-timer.o [61]
tail                    0x2001'7d11     0x1  Data  Lc  scan-dispatch.o [34]
targetEui64             0x2001'78e8     0x8  Data  Lc  zll-interpan.o [74]
tcBasedClassificationAlgorithm
                           0x1'4cdf    0x62  Code  Lc  beacon-handling.o [72]
tempdrvHighCallbacks    0x2001'71c8    0x28  Data  Lc  tempdrv.o [14]
tempdrvLowCallbacks     0x2001'71f0    0x28  Data  Lc  tempdrv.o [14]
terminateScanRequest       0x1'b347    0x28  Code  Lc  zdo-channel.o [72]
testMessage             0x2001'6984   0x5dc  Data  Gb  interpan-cli.o [24]
theirLastTransactionId  0x2001'78dc     0x4  Data  Lc  zll-interpan.o [74]
thrHard                    0x2'1633    0x20  Code  Lc  nvm3.o [63]
thrSize                    0x2'1681     0xa  Code  Lc  nvm3.o [63]
thrSoftMinimum             0x2'1653    0x20  Code  Lc  nvm3.o [63]
thrSoftUser                0x2'1673     0xe  Code  Lc  nvm3.o [63]
timeElapsed             0x2001'7d25     0x1  Data  Lc  ustimer.o [14]
timeoutPools               0x1'8ae1    0xd8  Code  Lc  mac-indirect.o [72]
timer                   0x2001'5a50    0xa0  Data  Lc  rtcdriver.o [14]
timerPrsConfig             0x2'ed41    0x34  Code  Lc  em_timer.o [15]
titleStrings            0x2001'5358    0xa8  Data  Gb  counters-cli.o [9]
tokenArraySize             0x3'af3c    0x30  Data  Gb  token-def.o [1]
tokenDefaults              0x3'b1e8    0xb8  Data  Gb  token-def.o [1]
tokenFlagsToSizeArray      0x2'84f4     0x4  Data  Lc  install-code-tokens.o [62]
tokenIsCnt                 0x3'aeac    0x30  Data  Gb  token-def.o [1]
tokenIsIdx                 0x3'aedc    0x30  Data  Gb  token-def.o [1]
tokenLength                0x1'f87b     0xe  Code  Lc  command-interpreter2.o [1]
tokenNvm3Keys              0x3'adf4    0xb8  Data  Gb  token-def.o [1]
tokenPointer               0x1'f88f    0x10  Code  Lc  command-interpreter2.o [1]
tokenSize                  0x3'af0c    0x30  Data  Gb  token-def.o [1]
tokensActive            0x2001'7d26     0x1  Data  Lc  token.o [12]
totalInitialChildren    0x2001'775f     0x1  Data  Gb  zigbee-device-util.o [72]
traceClkGet                0x2'0e7d    0x4a  Code  Lc  em_cmu.o [15]
transactionExpirationTimeMS
                        0x2001'78e4     0x4  Data  Lc  zll-interpan.o [74]
transientKeyFinish         0x2'8791    0x38  Code  Lc  aps-keys-transient.o [69]
tryNextMethod              0x1'e199    0x2c  Code  Lc  network-steering.o [29]
tryToFormNetwork           0x3'5d7d    0xce  Code  Lc  network-creator.o [27]
tryToJoinNetwork           0x1'df61    0x90  Code  Gb  network-steering.o [29]
txBuffer                   0x2'9383    0x42  Code  Lc  com.o [36]
txCallback                 0x2'9545    0x3c  Code  Lc  com.o [36]
txCatchUp                  0x2'94dd    0x66  Code  Lc  com.o [36]
txCcaTries              0x2001'5b08     0x1  Data  Lc  phy.o [72]
txCompleted                0x2'46a7    0x26  Code  Lc  lower-mac-efr32.o [72]
txCsmaTries                0x1'a285    0xe6  Code  Lc  phy.o [72]
txOptions               0x2001'5b40     0x4  Data  Lc  phy.o [72]
txParams                0x2001'5af0     0xc  Data  Lc  phy.o [72]
txSchedulerInfo         0x2001'5520     0xc  Data  Lc  phy.o [72]
txState                 0x2001'5b06     0x1  Data  Lc  phy.o [72]
typeSensitiveMemCopy         0x5609    0x56  Code  Lc  attribute-storage.o [41]
uartdrvHandle           0x2001'7228    0x10  Data  Lc  uartdrv.o [14]
uartdrvHandleIsInitialized
                        0x2001'7d24     0x1  Data  Lc  uartdrv.o [14]
uarthandledata          0x2001'6124    0x34  Data  Lc  com.o [36]
unbindRequest              0x3'5459    0x82  Code  Lc  zdo-cli.o [41]
unicastHead             0x2001'7ba8     0x1  Data  Lc  unicast-table.o [72]
uninitializedIsr           0x3'613d          Code  Gb  faults-v7m.o [12]
unknownCounter          0x2001'5400     0x4  Data  Gb  counters-cli.o [9]
unsolicitedChannelReport
                        0x2001'7946     0x1  Data  Lc  zdo-channel.o [72]
unused                     0x3'3d11     0x2  Code  Gb  zll-commissioning-cli.o [42]
unusedOriginalChannelMaskCache
                        0x2001'77dc     0x4  Data  Lc  scan.o [72]
unusedPanIdCache        0x2001'77b2     0x2  Data  Lc  scan.o [72]
updateBuffer               0x2'934f    0x2c  Code  Lc  com.o [36]
updateChannelComposites
                           0x3'5ef1    0xb8  Code  Lc  network-creator.o [27]
updateEvents               0x1'a763    0x4c  Code  Lc  phy.o [72]
updateInterrupts           0x2'bb03    0x94  Code  Lc  tempdrv.o [14]
updateTcLinkKeyState    0x2001'7d40     0x1  Data  Lc  aps-keys.o [69]
upperMacState           0x2001'77e0    0x1c  Data  Gb  upper-mac.o [72]
useLegacyTimeoutMethod  0x2001'7d3e     0x1  Data  Gb  child-handling.o [72]
useMulticastBinding     0x2001'7d0b     0x1  Data  Lc  zcl-cli.o [41]
useNextSequence         0x2001'7d09     0x1  Data  Lc  zcl-cli.o [41]
vFillBuffer                  0x50f1   0x13e  Code  Lc  client-api.o [41]
validateObj                0x2'1fe1    0x26  Code  Lc  nvm3.o [63]
validateObjFragments       0x2'1db5   0x226  Code  Lc  nvm3.o [63]
waitStateMax               0x2'14bd     0xe  Code  Lc  em_cmu.o [15]
wakeInfo                0x2001'724c     0x4  Data  Lc  sleep-efm32.o [12]
walkDelayQueue             0x1'8be9    0xde  Code  Lc  retry.o [72]
walkStoreAndForwardQueue
                           0x2'5989   0x108  Code  Lc  store-forward.o [72]
wallClockOverflowCnt    0x2001'71c0     0x4  Data  Lc  rtcdriver.o [14]
wallClockTimeBase       0x2001'71c4     0x4  Data  Lc  rtcdriver.o [14]
wdog0ClkGet                0x2'14cd    0x3a  Code  Lc  em_cmu.o [15]
wdog1ClkGet                0x2'0ec9    0x3e  Code  Lc  em_cmu.o [15]
workBegin                  0x2'2bc3    0x16  Code  Lc  nvm3.o [63]
workEnd                    0x2'2bd9    0x14  Code  Lc  nvm3.o [63]
writeBoolean               0x2'9e6d     0x8  Code  Lc  zll-on-off-server.o [46]
writeBurst              0x2001'4fbd    0x54  Code  Gb  em_msc.o [15]
writeFullAllowed           0x2'168b    0x18  Code  Lc  nvm3.o [63]
writeIdentifyTime          0x2'9ad3    0x18  Code  Lc  identify.o [23]
writeInt16u                0x2'9e85     0x6  Code  Lc  zll-on-off-server.o [46]
writeMessage               0x1'3033    0xaa  Code  Lc  packet-buffer.o [72]
writeObj                   0x2'1825   0x2b4  Code  Lc  nvm3.o [63]
writeRemainingTime         0x2'a3e7    0x1e  Code  Lc  level-control.o [25]
writeRemainingTime         0x2'a9cd    0x1a  Code  Lc  color-control-server.o [8]
writeServerAttribute         0xcefd     0xe  Code  Lc  scenes.o [35]
writeZllTokens               0xea8b     0xc  Code  Lc  zll-tokens.o [74]
zaTrustCenterSetJoinPolicy
                           0x2'3e21     0x8  Code  Gb  af-trust-center.o [41]
zclBasicGlsrCommand        0x3'638f     0xa  Code  Lc  znet-cli.o [1]
zclBufferAddByte           0x3'4813    0x12  Code  Gb  zcl-cli.o [41]
zclBufferAddByteFromArgument
                           0x3'484b     0x8  Code  Gb  zcl-cli.o [41]
zclBufferAddInt32          0x3'4837    0x14  Code  Gb  zcl-cli.o [41]
zclBufferAddLengthAndStringFromArgument
                           0x3'4869    0x34  Code  Gb  zcl-cli.o [41]
zclBufferAddWord           0x3'4825    0x12  Code  Gb  zcl-cli.o [41]
zclBufferAddWordFromArgument
                           0x3'485b     0x6  Code  Gb  zcl-cli.o [41]
zclBufferSetup             0x3'47c1    0x52  Code  Gb  zcl-cli.o [41]
zclClusterNames            0x3'82b8    0x50  Data  Gb  util.o [41]
zclCmdIsBuilt           0x2001'7d07     0x1  Data  Gb  zcl-cli.o [41]
zclGlobalCommandDiscoveryCommand
                           0x3'4b37    0x2e  Code  Gb  zcl-cli.o [41]
zclGlobalDirection      0x2001'7d0a     0x1  Data  Lc  zcl-cli.o [41]
zclGlobalDirectionCommand
                           0x3'4971    0x14  Code  Gb  zcl-cli.o [41]
zclGlobalDiscoverCommand
                           0x3'49db     0x4  Code  Gb  zcl-cli.o [41]
zclGlobalExpectReportFromMeCommand
                           0x3'4b0f    0x1c  Code  Gb  zcl-cli.o [41]
zclGlobalReadCommand       0x3'4985     0x6  Code  Gb  zcl-cli.o [41]
zclGlobalReportCommand     0x3'49e9    0x94  Code  Gb  zcl-cli.o [41]
zclGlobalReportReadCommand
                           0x3'4a85    0x20  Code  Gb  zcl-cli.o [41]
zclGlobalSendMeAReportCommand
                           0x3'4aa5    0x4a  Code  Gb  zcl-cli.o [41]
zclGlobalSetup             0x3'4957    0x1a  Code  Gb  zcl-cli.o [41]
zclGlobalWriteCommand      0x3'498b    0x50  Code  Gb  zcl-cli.o [41]
zclIdentifyOnOffCommand
                           0x3'4bf5    0x40  Code  Gb  zcl-cli.o [41]
zclMfgCodeCommand          0x3'4b7d    0x2a  Code  Gb  zcl-cli.o [41]
zclSimpleCommand           0x3'489d    0xba  Code  Gb  zcl-cli.o [41]
zclTestResponseOffCommand
                           0x3'4b77     0x6  Code  Gb  zcl-cli.o [41]
zclTestResponseOnCommand
                           0x3'4b71     0x6  Code  Gb  zcl-cli.o [41]
zclTimeCommand             0x3'4be7     0xe  Code  Gb  zcl-cli.o [41]
zclUseNextSequenceCommand
                           0x3'4bc5    0x22  Code  Gb  zcl-cli.o [41]
zclXDefaultRespCommand     0x3'4ba7    0x14  Code  Gb  zcl-cli.o [41]
zdoActiveEpCommand         0x3'53a1    0x1e  Code  Gb  zdo-cli.o [41]
zdoAddClusterCommand       0x3'5243    0x38  Code  Gb  zdo-cli.o [41]
zdoBindCommand             0x3'51c9    0x72  Code  Gb  zdo-cli.o [41]
zdoClearClusterCommand     0x3'527b    0x1c  Code  Gb  zdo-cli.o [41]
zdoConfigurationModeEnabled
                        0x2001'57de     0x1  Data  Gb  zigbee-device-util.o [72]
zdoIeeeAddressRequestCommand
                           0x3'50ff    0x14  Code  Gb  zdo-cli.o [41]
zdoLeaveRequestCommand     0x3'53ff    0x32  Code  Gb  zdo-cli.o [41]
zdoMatchCommand            0x3'515b    0x44  Code  Gb  zdo-cli.o [41]
zdoMgmtBindCommand         0x3'53e3    0x1c  Code  Gb  zdo-cli.o [41]
zdoMgmtLqiCommand          0x3'53bf    0x1a  Code  Gb  zdo-cli.o [41]
zdoNetworkUpdateChannelCommand
                           0x3'52a1    0x72  Code  Gb  zdo-cli.o [41]
zdoNetworkUpdateScanCommand
                           0x3'5313    0x5c  Code  Gb  zdo-cli.o [41]
zdoNetworkUpdateSetCommand
                           0x3'5375    0x1e  Code  Gb  zdo-cli.o [41]
zdoNodeCommand             0x3'5139    0x22  Code  Gb  zdo-cli.o [41]
zdoNwkAddressRequestCommand
                           0x3'50e9    0x16  Code  Gb  zdo-cli.o [41]
zdoPowerDescriptorRequestCommand
                           0x3'5431    0x18  Code  Gb  zdo-cli.o [41]
zdoRouteRequestCommand     0x3'551f    0x26  Code  Gb  zdo-cli.o [41]
zdoSimpleCommand           0x3'5113    0x26  Code  Gb  zdo-cli.o [41]
zdoUnbindGroupCommand      0x3'54db    0x18  Code  Gb  zdo-cli.o [41]
zdoUnbindUnicastCommand
                           0x3'54f3    0x2c  Code  Gb  zdo-cli.o [41]
zeroLenByte             0x2001'7c58     0x2  Data  Lc  message.o [41]
zigDevApsStruct         0x2001'776c     0x4  Data  Lc  zigbee-device-util.o [72]
zigDevRequestRadius     0x2001'57d0     0x1  Data  Gb  zigbee-device-common.o [1]
zigDevRequestSequence   0x2001'7d35     0x1  Data  Lc  zigbee-device-common.o [1]
zigDevRequestSequence   0x2001'775c     0x1  Data  Lc  zigbee-device-util.o [72]
zllNodeType             0x2001'7551     0x1  Data  Lc  zll-api.o [74]
zllPrimaryChannelMask   0x2001'7564     0x4  Data  Lc  zll-api.o [74]
zllSecondaryChannelMask
                        0x2001'758c     0x4  Data  Lc  zll-api.o [74]
zllSequenceNum          0x2001'7d46     0x1  Data  Lc  zll-interpan.o [74]


[1] = C:\Users\alji\SimplicityStudio\v4_workspace\cca_mg21_v664\IAR ARM - Default
[2] = C:\Users\alji\SimplicityStudio\v4_workspace\cca_mg21_v664\IAR ARM - Default\adc\EFR32
[3] = C:\Users\alji\SimplicityStudio\v4_workspace\cca_mg21_v664\IAR ARM - Default\aes-cmac
[4] = C:\Users\alji\SimplicityStudio\v4_workspace\cca_mg21_v664\IAR ARM - Default\antenna-stub
[5] = C:\Users\alji\SimplicityStudio\v4_workspace\cca_mg21_v664\IAR ARM - Default\basic
[6] = C:\Users\alji\SimplicityStudio\v4_workspace\cca_mg21_v664\IAR ARM - Default\ccm-encryption
[7] = C:\Users\alji\SimplicityStudio\v4_workspace\cca_mg21_v664\IAR ARM - Default\coexistence-stub\EFR32
[8] = C:\Users\alji\SimplicityStudio\v4_workspace\cca_mg21_v664\IAR ARM - Default\color-control-server
[9] = C:\Users\alji\SimplicityStudio\v4_workspace\cca_mg21_v664\IAR ARM - Default\counters
[10] = C:\Users\alji\SimplicityStudio\v4_workspace\cca_mg21_v664\IAR ARM - Default\debug-basic-library\EFR32
[11] = C:\Users\alji\SimplicityStudio\v4_workspace\cca_mg21_v664\IAR ARM - Default\debug-jtag\EFR32
[12] = C:\Users\alji\SimplicityStudio\v4_workspace\cca_mg21_v664\IAR ARM - Default\efr32
[13] = C:\Users\alji\SimplicityStudio\v4_workspace\cca_mg21_v664\IAR ARM - Default\ember-minimal-printf
[14] = C:\Users\alji\SimplicityStudio\v4_workspace\cca_mg21_v664\IAR ARM - Default\emdrv
[15] = C:\Users\alji\SimplicityStudio\v4_workspace\cca_mg21_v664\IAR ARM - Default\emlib
[16] = C:\Users\alji\SimplicityStudio\v4_workspace\cca_mg21_v664\IAR ARM - Default\external-generated-files
[17] = C:\Users\alji\SimplicityStudio\v4_workspace\cca_mg21_v664\IAR ARM - Default\find-and-bind-target
[18] = C:\Users\alji\SimplicityStudio\v4_workspace\cca_mg21_v664\IAR ARM - Default\green-power-client
[19] = C:\Users\alji\SimplicityStudio\v4_workspace\cca_mg21_v664\IAR ARM - Default\green-power-common
[20] = C:\Users\alji\SimplicityStudio\v4_workspace\cca_mg21_v664\IAR ARM - Default\groups-server
[21] = C:\Users\alji\SimplicityStudio\v4_workspace\cca_mg21_v664\IAR ARM - Default\hal-library\EFR32
[22] = C:\Users\alji\SimplicityStudio\v4_workspace\cca_mg21_v664\IAR ARM - Default\heartbeat
[23] = C:\Users\alji\SimplicityStudio\v4_workspace\cca_mg21_v664\IAR ARM - Default\identify
[24] = C:\Users\alji\SimplicityStudio\v4_workspace\cca_mg21_v664\IAR ARM - Default\interpan
[25] = C:\Users\alji\SimplicityStudio\v4_workspace\cca_mg21_v664\IAR ARM - Default\level-control
[26] = C:\Users\alji\SimplicityStudio\v4_workspace\cca_mg21_v664\IAR ARM - Default\mbedtls\EFR32
[27] = C:\Users\alji\SimplicityStudio\v4_workspace\cca_mg21_v664\IAR ARM - Default\network-creator
[28] = C:\Users\alji\SimplicityStudio\v4_workspace\cca_mg21_v664\IAR ARM - Default\network-creator-security
[29] = C:\Users\alji\SimplicityStudio\v4_workspace\cca_mg21_v664\IAR ARM - Default\network-steering
[30] = C:\Users\alji\SimplicityStudio\v4_workspace\cca_mg21_v664\IAR ARM - Default\nvm3
[31] = C:\Users\alji\SimplicityStudio\v4_workspace\cca_mg21_v664\IAR ARM - Default\nvm3\EFR32
[32] = C:\Users\alji\SimplicityStudio\v4_workspace\cca_mg21_v664\IAR ARM - Default\on-off
[33] = C:\Users\alji\SimplicityStudio\v4_workspace\cca_mg21_v664\IAR ARM - Default\reporting
[34] = C:\Users\alji\SimplicityStudio\v4_workspace\cca_mg21_v664\IAR ARM - Default\scan-dispatch
[35] = C:\Users\alji\SimplicityStudio\v4_workspace\cca_mg21_v664\IAR ARM - Default\scenes
[36] = C:\Users\alji\SimplicityStudio\v4_workspace\cca_mg21_v664\IAR ARM - Default\serial
[37] = C:\Users\alji\SimplicityStudio\v4_workspace\cca_mg21_v664\IAR ARM - Default\serial\EFR32
[38] = C:\Users\alji\SimplicityStudio\v4_workspace\cca_mg21_v664\IAR ARM - Default\simple-main
[39] = C:\Users\alji\SimplicityStudio\v4_workspace\cca_mg21_v664\IAR ARM - Default\strong-random
[40] = C:\Users\alji\SimplicityStudio\v4_workspace\cca_mg21_v664\IAR ARM - Default\update-tc-link-key
[41] = C:\Users\alji\SimplicityStudio\v4_workspace\cca_mg21_v664\IAR ARM - Default\zcl-framework-core
[42] = C:\Users\alji\SimplicityStudio\v4_workspace\cca_mg21_v664\IAR ARM - Default\zll-commissioning-common
[43] = C:\Users\alji\SimplicityStudio\v4_workspace\cca_mg21_v664\IAR ARM - Default\zll-commissioning-server
[44] = C:\Users\alji\SimplicityStudio\v4_workspace\cca_mg21_v664\IAR ARM - Default\zll-identify-server
[45] = C:\Users\alji\SimplicityStudio\v4_workspace\cca_mg21_v664\IAR ARM - Default\zll-level-control-server
[46] = C:\Users\alji\SimplicityStudio\v4_workspace\cca_mg21_v664\IAR ARM - Default\zll-on-off-server
[47] = C:\Users\alji\SimplicityStudio\v4_workspace\cca_mg21_v664\IAR ARM - Default\zll-scenes-server
[48] = C:\Users\alji\SimplicityStudio\v4_workspace\cca_mg21_v664\IAR ARM - Default\zll-utility-server
[49] = binding-table-library.a
[50] = cbke-163k1-stub-library.a
[51] = cbke-283k1-stub-library.a
[52] = cbke-library-dsa-sign-stub.a
[53] = cbke-library-dsa-verify-283k1-stub.a
[54] = cbke-library-dsa-verify-stub.a
[55] = cbke-stub-library.a
[56] = debug-basic-library.a
[57] = debug-extended-stub-library.a
[58] = dl7M_tln.a
[59] = end-device-bind-stub-library.a
[60] = gp-library.a
[61] = hal-library.a
[62] = install-code-library.a
[63] = libnvm3_CM33_iar.a
[64] = librail_efr32xg21_iar_release.a
[65] = m7M_tls.a
[66] = multi-network-stub-library.a
[67] = packet-validate-stub-library.a
[68] = rt7M_tl.a
[69] = security-library-core.a
[70] = security-library-link-keys-stub.a
[71] = sim-eeprom2-to-nvm3-upgrade-stub-library.a
[72] = zigbee-pro-stack.a
[73] = zigbee-r22-support-stub-library.a
[74] = zll-library.a

  204 614 bytes of readonly  code memory
      324 bytes of readwrite code memory
   35 123 bytes of readonly  data memory
   59 226 bytes of readwrite data memory

Errors: none
Warnings: none
